Component: ARM Compiler 5.06 update 7 (build 960) Tool: armlink [4d3601]

==============================================================================

Section Cross References

    startup_stm32f405xx.o(STACK) refers (Special) to heapauxi.o(.text) for __use_two_region_memory
    startup_stm32f405xx.o(HEAP) refers (Special) to heapauxi.o(.text) for __use_two_region_memory
    startup_stm32f405xx.o(RESET) refers (Special) to heapauxi.o(.text) for __use_two_region_memory
    startup_stm32f405xx.o(RESET) refers to startup_stm32f405xx.o(STACK) for __initial_sp
    startup_stm32f405xx.o(RESET) refers to startup_stm32f405xx.o(.text) for Reset_Handler
    startup_stm32f405xx.o(RESET) refers to stm32f4xx_it.o(i.NMI_Handler) for NMI_Handler
    startup_stm32f405xx.o(RESET) refers to stm32f4xx_it.o(i.HardFault_Handler) for HardFault_Handler
    startup_stm32f405xx.o(RESET) refers to stm32f4xx_it.o(i.MemManage_Handler) for MemManage_Handler
    startup_stm32f405xx.o(RESET) refers to stm32f4xx_it.o(i.BusFault_Handler) for BusFault_Handler
    startup_stm32f405xx.o(RESET) refers to stm32f4xx_it.o(i.UsageFault_Handler) for UsageFault_Handler
    startup_stm32f405xx.o(RESET) refers to port.o(.emb_text) for SVC_Handler
    startup_stm32f405xx.o(RESET) refers to stm32f4xx_it.o(i.DebugMon_Handler) for DebugMon_Handler
    startup_stm32f405xx.o(RESET) refers to cmsis_os2.o(i.SysTick_Handler) for SysTick_Handler
    startup_stm32f405xx.o(RESET) refers to stm32f4xx_it.o(i.DMA1_Stream4_IRQHandler) for DMA1_Stream4_IRQHandler
    startup_stm32f405xx.o(RESET) refers to stm32f4xx_it.o(i.DMA1_Stream5_IRQHandler) for DMA1_Stream5_IRQHandler
    startup_stm32f405xx.o(RESET) refers to stm32f4xx_it.o(i.CAN1_RX0_IRQHandler) for CAN1_RX0_IRQHandler
    startup_stm32f405xx.o(RESET) refers to stm32f4xx_it.o(i.TIM1_UP_TIM10_IRQHandler) for TIM1_UP_TIM10_IRQHandler
    startup_stm32f405xx.o(RESET) refers to stm32f4xx_it.o(i.USART2_IRQHandler) for USART2_IRQHandler
    startup_stm32f405xx.o(.text) refers (Special) to heapauxi.o(.text) for __use_two_region_memory
    startup_stm32f405xx.o(.text) refers to system_stm32f4xx.o(i.SystemInit) for SystemInit
    startup_stm32f405xx.o(.text) refers to __main.o(!!!main) for __main
    startup_stm32f405xx.o(.text) refers to startup_stm32f405xx.o(HEAP) for Heap_Mem
    startup_stm32f405xx.o(.text) refers to startup_stm32f405xx.o(STACK) for Stack_Mem
    main.o(i.HAL_TIM_PeriodElapsedCallback) refers to stm32f4xx_hal.o(i.HAL_IncTick) for HAL_IncTick
    main.o(i.SystemClock_Config) refers to rt_memclr_w.o(.text) for __aeabi_memclr4
    main.o(i.SystemClock_Config) refers to stm32f4xx_hal_rcc.o(i.HAL_RCC_OscConfig) for HAL_RCC_OscConfig
    main.o(i.SystemClock_Config) refers to stm32f4xx_hal_rcc.o(i.HAL_RCC_ClockConfig) for HAL_RCC_ClockConfig
    main.o(i.main) refers to stm32f4xx_hal.o(i.HAL_Init) for HAL_Init
    main.o(i.main) refers to main.o(i.SystemClock_Config) for SystemClock_Config
    main.o(i.main) refers to gpio.o(i.MX_GPIO_Init) for MX_GPIO_Init
    main.o(i.main) refers to i2c.o(i.MX_I2C1_Init) for MX_I2C1_Init
    main.o(i.main) refers to usart.o(i.MX_UART4_Init) for MX_UART4_Init
    main.o(i.main) refers to can.o(i.MX_CAN1_Init) for MX_CAN1_Init
    main.o(i.main) refers to usart.o(i.MX_USART2_UART_Init) for MX_USART2_UART_Init
    main.o(i.main) refers to cmsis_os2.o(i.osKernelInitialize) for osKernelInitialize
    main.o(i.main) refers to freertos.o(i.MX_FREERTOS_Init) for MX_FREERTOS_Init
    main.o(i.main) refers to cmsis_os2.o(i.osKernelStart) for osKernelStart
    freertos.o(i.MX_FREERTOS_Init) refers to cmsis_os2.o(i.osThreadNew) for osThreadNew
    freertos.o(i.MX_FREERTOS_Init) refers to freertos.o(.constdata) for .constdata
    freertos.o(i.MX_FREERTOS_Init) refers to freertos.o(i.StartDefaultTask) for StartDefaultTask
    freertos.o(i.MX_FREERTOS_Init) refers to freertos.o(.data) for .data
    freertos.o(i.MX_FREERTOS_Init) refers to tasks_1.o(i.StartTask02) for StartTask02
    freertos.o(i.MX_FREERTOS_Init) refers to tasks_1.o(i.StartTask03) for StartTask03
    freertos.o(i.StartDefaultTask) refers to cmsis_os2.o(i.osDelay) for osDelay
    freertos.o(i.StartTask02) refers to cmsis_os2.o(i.osDelay) for osDelay
    freertos.o(i.StartTask03) refers to cmsis_os2.o(i.osDelay) for osDelay
    freertos.o(.constdata) refers to freertos.o(.conststring) for .conststring
    can.o(i.HAL_CAN_MspDeInit) refers to stm32f4xx_hal_gpio.o(i.HAL_GPIO_DeInit) for HAL_GPIO_DeInit
    can.o(i.HAL_CAN_MspDeInit) refers to stm32f4xx_hal_cortex.o(i.HAL_NVIC_DisableIRQ) for HAL_NVIC_DisableIRQ
    can.o(i.HAL_CAN_MspInit) refers to rt_memclr_w.o(.text) for __aeabi_memclr4
    can.o(i.HAL_CAN_MspInit) refers to stm32f4xx_hal_gpio.o(i.HAL_GPIO_Init) for HAL_GPIO_Init
    can.o(i.HAL_CAN_MspInit) refers to stm32f4xx_hal_cortex.o(i.HAL_NVIC_SetPriority) for HAL_NVIC_SetPriority
    can.o(i.HAL_CAN_MspInit) refers to stm32f4xx_hal_cortex.o(i.HAL_NVIC_EnableIRQ) for HAL_NVIC_EnableIRQ
[...]
    CAN1_SCE_IRQHandler                      0x08000303   Thumb Code     0  startup_stm32f405xx.o(.text)
    CAN1_TX_IRQHandler                       0x08000303   Thumb Code     0  startup_stm32f405xx.o(.text)
    CAN2_RX0_IRQHandler                      0x08000303   Thumb Code     0  startup_stm32f405xx.o(.text)
    CAN2_RX1_IRQHandler                      0x08000303   Thumb Code     0  startup_stm32f405xx.o(.text)
    CAN2_SCE_IRQHandler                      0x08000303   Thumb Code     0  startup_stm32f405xx.o(.text)
    CAN2_TX_IRQHandler                       0x08000303   Thumb Code     0  startup_stm32f405xx.o(.text)
    DMA1_Stream0_IRQHandler                  0x08000303   Thumb Code     0  startup_stm32f405xx.o(.text)
    DMA1_Stream1_IRQHandler                  0x08000303   Thumb Code     0  startup_stm32f405xx.o(.text)
    DMA1_Stream2_IRQHandler                  0x08000303   Thumb Code     0  startup_stm32f405xx.o(.text)
    DMA1_Stream3_IRQHandler                  0x08000303   Thumb Code     0  startup_stm32f405xx.o(.text)
    DMA1_Stream6_IRQHandler                  0x08000303   Thumb Code     0  startup_stm32f405xx.o(.text)
    DMA1_Stream7_IRQHandler                  0x08000303   Thumb Code     0  startup_stm32f405xx.o(.text)
    DMA2_Stream0_IRQHandler                  0x08000303   Thumb Code     0  startup_stm32f405xx.o(.text)
    DMA2_Stream1_IRQHandler                  0x08000303   Thumb Code     0  startup_stm32f405xx.o(.text)
    DMA2_Stream2_IRQHandler                  0x08000303   Thumb Code     0  startup_stm32f405xx.o(.text)
    DMA2_Stream3_IRQHandler                  0x08000303   Thumb Code     0  startup_stm32f405xx.o(.text)
    DMA2_Stream4_IRQHandler                  0x08000303   Thumb Code     0  startup_stm32f405xx.o(.text)
    DMA2_Stream5_IRQHandler                  0x08000303   Thumb Code     0  startup_stm32f405xx.o(.text)
    DMA2_Stream6_IRQHandler                  0x08000303   Thumb Code     0  startup_stm32f405xx.o(.text)
    DMA2_Stream7_IRQHandler                  0x08000303   Thumb Code     0  startup_stm32f405xx.o(.text)
    EXTI0_IRQHandler                         0x08000303   Thumb Code     0  startup_stm32f405xx.o(.text)
    EXTI15_10_IRQHandler                     0x08000303   Thumb Code     0  startup_stm32f405xx.o(.text)
    EXTI1_IRQHandler                         0x08000303   Thumb Code     0  startup_stm32f405xx.o(.text)
    EXTI2_IRQHandler                         0x08000303   Thumb Code     0  startup_stm32f405xx.o(.text)
    EXTI3_IRQHandler                         0x08000303   Thumb Code     0  startup_stm32f405xx.o(.text)
    EXTI4_IRQHandler                         0x08000303   Thumb Code     0  startup_stm32f405xx.o(.text)
    EXTI9_5_IRQHandler                       0x08000303   Thumb Code     0  startup_stm32f405xx.o(.text)
    FLASH_IRQHandler                         0x08000303   Thumb Code     0  startup_stm32f405xx.o(.text)
    FMC_IRQHandler                           0x08000303   Thumb Code     0  startup_stm32f405xx.o(.text)
    FPU_IRQHandler                           0x08000303   Thumb Code     0  startup_stm32f405xx.o(.text)
    HASH_RNG_IRQHandler                      0x08000303   Thumb Code     0  startup_stm32f405xx.o(.text)
    I2C1_ER_IRQHandler                       0x08000303   Thumb Code     0  startup_stm32f405xx.o(.text)
    I2C1_EV_IRQHandler                       0x08000303   Thumb Code     0  startup_stm32f405xx.o(.text)
    I2C2_ER_IRQHandler                       0x08000303   Thumb Code     0  startup_stm32f405xx.o(.text)
    I2C2_EV_IRQHandler                       0x08000303   Thumb Code     0  startup_stm32f405xx.o(.text)
    I2C3_ER_IRQHandler                       0x08000303   Thumb Code     0  startup_stm32f405xx.o(.text)
    I2C3_EV_IRQHandler                       0x08000303   Thumb Code     0  startup_stm32f405xx.o(.text)
    OTG_FS_IRQHandler                        0x08000303   Thumb Code     0  startup_stm32f405xx.o(.text)
    OTG_FS_WKUP_IRQHandler                   0x08000303   Thumb Code     0  startup_stm32f405xx.o(.text)
    OTG_HS_EP1_IN_IRQHandler                 0x08000303   Thumb Code     0  startup_stm32f405xx.o(.text)
    OTG_HS_EP1_OUT_IRQHandler                0x08000303   Thumb Code     0  startup_stm32f405xx.o(.text)
    OTG_HS_IRQHandler                        0x08000303   Thumb Code     0  startup_stm32f405xx.o(.text)
    OTG_HS_WKUP_IRQHandler                   0x08000303   Thumb Code     0  startup_stm32f405xx.o(.text)
    PVD_IRQHandler                           0x08000303   Thumb Code     0  startup_stm32f405xx.o(.text)
    RCC_IRQHandler                           0x08000303   Thumb Code     0  startup_stm32f405xx.o(.text)
    RTC_Alarm_IRQHandler                     0x08000303   Thumb Code     0  startup_stm32f405xx.o(.text)
    RTC_WKUP_IRQHandler                      0x08000303   Thumb Code     0  startup_stm32f405xx.o(.text)
    SDIO_IRQHandler                          0x08000303   Thumb Code     0  startup_stm32f405xx.o(.text)
    SPI1_IRQHandler                          0x08000303   Thumb Code     0  startup_stm32f405xx.o(.text)
    SPI2_IRQHandler                          0x08000303   Thumb Code     0  startup_stm32f405xx.o(.text)
    SPI3_IRQHandler                          0x08000303   Thumb Code     0  startup_stm32f405xx.o(.text)
    TAMP_STAMP_IRQHandler                    0x08000303   Thumb Code     0  startup_stm32f405xx.o(.text)
    TIM1_BRK_TIM9_IRQHandler                 0x08000303   Thumb Code     0  startup_stm32f405xx.o(.text)
    TIM1_CC_IRQHandler                       0x08000303   Thumb Code     0  startup_stm32f405xx.o(.text)
    TIM1_TRG_COM_TIM11_IRQHandler            0x08000303   Thumb Code     0  startup_stm32f405xx.o(.text)
    TIM2_IRQHandler                          0x08000303   Thumb Code     0  startup_stm32f405xx.o(.text)
    TIM3_IRQHandler                          0x08000303   Thumb Code     0  startup_stm32f405xx.o(.text)
    TIM4_IRQHandler                          0x08000303   Thumb Code     0  startup_stm32f405xx.o(.text)
    TIM5_IRQHandler                          0x08000303   Thumb Code     0  startup_stm32f405xx.o(.text)
    TIM6_DAC_IRQHandler                      0x08000303   Thumb Code     0  startup_stm32f405xx.o(.text)
    TIM7_IRQHandler                          0x08000303   Thumb Code     0  startup_stm32f405xx.o(.text)
    TIM8_BRK_TIM12_IRQHandler                0x08000303   Thumb Code     0  startup_stm32f405xx.o(.text)
    TIM8_CC_IRQHandler                       0x08000303   Thumb Code     0  startup_stm32f405xx.o(.text)
    TIM8_TRG_COM_TIM14_IRQHandler            0x08000303   Thumb Code     0  startup_stm32f405xx.o(.text)
    TIM8_UP_TIM13_IRQHandler                 0x08000303   Thumb Code     0  startup_stm32f405xx.o(.text)
    UART4_IRQHandler                         0x08000303   Thumb Code     0  startup_stm32f405xx.o(.text)
    UART5_IRQHandler                         0x08000303   Thumb Code     0  startup_stm32f405xx.o(.text)
    USART1_IRQHandler                        0x08000303   Thumb Code     0  startup_stm32f405xx.o(.text)
    USART3_IRQHandler                        0x08000303   Thumb Code     0  startup_stm32f405xx.o(.text)
    USART6_IRQHandler                        0x08000303   Thumb Code     0  startup_stm32f405xx.o(.text)
    WWDG_IRQHandler                          0x08000303   Thumb Code     0  startup_stm32f405xx.o(.text)
    __user_initial_stackheap                 0x08000305   Thumb Code     0  startup_stm32f405xx.o(.text)
    __aeabi_uldivmod                         0x08000329   Thumb Code     0  lludivv7m.o(.text)
    _ll_udiv                                 0x08000329   Thumb Code   238  lludivv7m.o(.text)
    __aeabi_ldivmod                          0x08000417   Thumb Code     0  llsdiv.o(.text)
    _ll_sdiv                                 0x08000417   Thumb Code    72  llsdiv.o(.text)
    memcmp                                   0x0800045f   Thumb Code    88  memcmp.o(.text)
    __aeabi_memcpy                           0x080004b7   Thumb Code     0  rt_memcpy_v6.o(.text)
    __rt_memcpy                              0x080004b7   Thumb Code   138  rt_memcpy_v6.o(.text)
    _memcpy_lastbytes                        0x0800051d   Thumb Code     0  rt_memcpy_v6.o(.text)
    __aeabi_memcpy4                          0x08000541   Thumb Code     0  rt_memcpy_w.o(.text)
    __aeabi_memcpy8                          0x08000541   Thumb Code     0  rt_memcpy_w.o(.text)
    __rt_memcpy_w                            0x08000541   Thumb Code   100  rt_memcpy_w.o(.text)
    _memcpy_lastbytes_aligned                0x08000589   Thumb Code     0  rt_memcpy_w.o(.text)
    __aeabi_memset                           0x080005a5   Thumb Code    16  aeabi_memset.o(.text)
    __aeabi_memclr4                          0x080005b5   Thumb Code     0  rt_memclr_w.o(.text)
    __aeabi_memclr8                          0x080005b5   Thumb Code     0  rt_memclr_w.o(.text)
    __rt_memclr_w                            0x080005b5   Thumb Code    78  rt_memclr_w.o(.text)
    _memset_w                                0x080005b9   Thumb Code     0  rt_memclr_w.o(.text)
    __use_two_region_memory                  0x08000603   Thumb Code     2  heapauxi.o(.text)
    __rt_heap_escrow$2region                 0x08000605   Thumb Code     2  heapauxi.o(.text)
    __rt_heap_expand$2region                 0x08000607   Thumb Code     2  heapauxi.o(.text)
    __read_errno                             0x08000609   Thumb Code    10  _rserrno.o(.text)
    __set_errno                              0x08000613   Thumb Code    12  _rserrno.o(.text)
    __aeabi_memclr                           0x0800061f   Thumb Code     0  rt_memclr.o(.text)
    __rt_memclr                              0x0800061f   Thumb Code    68  rt_memclr.o(.text)
    _memset                                  0x08000623   Thumb Code     0  rt_memclr.o(.text)
    __aeabi_errno_addr                       0x08000665   Thumb Code     8  rt_errno_addr_intlibspace.o(.text)
    __errno$intlibspace                      0x08000665   Thumb Code     0  rt_errno_addr_intlibspace.o(.text)
    __rt_errno_addr$intlibspace              0x08000665   Thumb Code     0  rt_errno_addr_intlibspace.o(.text)
    __user_libspace                          0x0800066d   Thumb Code     8  libspace.o(.text)
    __user_perproc_libspace                  0x0800066d   Thumb Code     0  libspace.o(.text)
    __user_perthread_libspace                0x0800066d   Thumb Code     0  libspace.o(.text)
    __user_setup_stackheap                   0x08000675   Thumb Code    74  sys_stackheap_outer.o(.text)
    exit                                     0x080006bf   Thumb Code    18  exit.o(.text)
    _sys_exit                                0x080006d1   Thumb Code     8  sys_exit.o(.text)
    __I$use$semihosting                      0x080006dd   Thumb Code     0  use_no_semi.o(.text)
    __use_no_semihosting_swi                 0x080006dd   Thumb Code     2  use_no_semi.o(.text)
    BusFault_Handler                         0x080006df   Thumb Code     2  stm32f4xx_it.o(i.BusFault_Handler)
    __semihosting_library_function           0x080006df   Thumb Code     0  indicate_semi.o(.text)
    CAN1_RX0_IRQHandler                      0x080006e1   Thumb Code     6  stm32f4xx_it.o(i.CAN1_RX0_IRQHandler)
    CAN1_Send_Motor_Command                  0x080006ed   Thumb Code    22  motor.o(i.CAN1_Send_Motor_Command)
    DMA1_Stream4_IRQHandler                  0x08000709   Thumb Code     6  stm32f4xx_it.o(i.DMA1_Stream4_IRQHandler)
    DMA1_Stream5_IRQHandler                  0x08000715   Thumb Code     6  stm32f4xx_it.o(i.DMA1_Stream5_IRQHandler)
    DebugMon_Handler                         0x080007c5   Thumb Code     2  stm32f4xx_it.o(i.DebugMon_Handler)
    Error_Handler                            0x080007c7   Thumb Code     4  main.o(i.Error_Handler)
    HAL_CAN_ActivateNotification             0x080007cb   Thumb Code    36  stm32f4xx_hal_can.o(i.HAL_CAN_ActivateNotification)
    HAL_CAN_AddTxMessage                     0x080007ef   Thumb Code   208  stm32f4xx_hal_can.o(i.HAL_CAN_AddTxMessage)
    HAL_CAN_ConfigFilter                     0x080008c1   Thumb Code   262  stm32f4xx_hal_can.o(i.HAL_CAN_ConfigFilter)
    HAL_CAN_ErrorCallback                    0x080009cd   Thumb Code     2  stm32f4xx_hal_can.o(i.HAL_CAN_ErrorCallback)
    HAL_CAN_GetRxMessage                     0x080009cf   Thumb Code   244  stm32f4xx_hal_can.o(i.HAL_CAN_GetRxMessage)
    HAL_CAN_IRQHandler                       0x08000ac3   Thumb Code   508  stm32f4xx_hal_can.o(i.HAL_CAN_IRQHandler)
    HAL_CAN_Init                             0x08000cbf   Thumb Code   282  stm32f4xx_hal_can.o(i.HAL_CAN_Init)
    HAL_CAN_MspInit                          0x08000dd9   Thumb Code   110  can.o(i.HAL_CAN_MspInit)
    HAL_CAN_RxFifo0FullCallback              0x08000e55   Thumb Code     2  stm32f4xx_hal_can.o(i.HAL_CAN_RxFifo0FullCallback)
    HAL_CAN_RxFifo0MsgPendingCallback        0x08000e59   Thumb Code    12  motor.o(i.HAL_CAN_RxFifo0MsgPendingCallback)
    HAL_CAN_RxFifo1FullCallback              0x08000e69   Thumb Code     2  stm32f4xx_hal_can.o(i.HAL_CAN_RxFifo1FullCallback)
    HAL_CAN_RxFifo1MsgPendingCallback        0x08000e6b   Thumb Code     2  stm32f4xx_hal_can.o(i.HAL_CAN_RxFifo1MsgPendingCallback)
    HAL_CAN_SleepCallback                    0x08000e6d   Thumb Code     2  stm32f4xx_hal_can.o(i.HAL_CAN_SleepCallback)
    HAL_CAN_Start                            0x08000e71   Thumb Code    88  stm32f4xx_hal_can.o(i.HAL_CAN_Start)
    HAL_CAN_TxMailbox0AbortCallback          0x08000ec9   Thumb Code     2  stm32f4xx_hal_can.o(i.HAL_CAN_TxMailbox0AbortCallback)
    HAL_CAN_TxMailbox0CompleteCallback       0x08000ecb   Thumb Code     2  stm32f4xx_hal_can.o(i.HAL_CAN_TxMailbox0CompleteCallback)
    HAL_CAN_TxMailbox1AbortCallback          0x08000ecd   Thumb Code     2  stm32f4xx_hal_can.o(i.HAL_CAN_TxMailbox1AbortCallback)
    HAL_CAN_TxMailbox1CompleteCallback       0x08000ecf   Thumb Code     2  stm32f4xx_hal_can.o(i.HAL_CAN_TxMailbox1CompleteCallback)
    HAL_CAN_TxMailbox2AbortCallback          0x08000ed1   Thumb Code     2  stm32f4xx_hal_can.o(i.HAL_CAN_TxMailbox2AbortCallback)
    HAL_CAN_TxMailbox2CompleteCallback       0x08000ed3   Thumb Code     2  stm32f4xx_hal_can.o(i.HAL_CAN_TxMailbox2CompleteCallback)
    HAL_CAN_WakeUpFromRxMsgCallback          0x08000ed5   Thumb Code     2  stm32f4xx_hal_can.o(i.HAL_CAN_WakeUpFromRxMsgCallback)
    HAL_DMA_Abort                            0x08000ed7   Thumb Code   146  stm32f4xx_hal_dma.o(i.HAL_DMA_Abort)
    HAL_DMA_Abort_IT                         0x08000f69   Thumb Code    36  stm32f4xx_hal_dma.o(i.HAL_DMA_Abort_IT)
    HAL_DMA_IRQHandler                       0x08000f8d   Thumb Code   412  stm32f4xx_hal_dma.o(i.HAL_DMA_IRQHandler)
    HAL_DMA_Init                             0x0800112d   Thumb Code   206  stm32f4xx_hal_dma.o(i.HAL_DMA_Init)
    HAL_DMA_Start_IT                         0x08001201   Thumb Code   110  stm32f4xx_hal_dma.o(i.HAL_DMA_Start_IT)
    HAL_Delay                                0x08001271   Thumb Code    32  stm32f4xx_hal.o(i.HAL_Delay)
    HAL_GPIO_Init                            0x08001295   Thumb Code   450  stm32f4xx_hal_gpio.o(i.HAL_GPIO_Init)
    HAL_GetTick                              0x08001485   Thumb Code     6  stm32f4xx_hal.o(i.HAL_GetTick)
    HAL_I2C_Init                             0x08001491   Thumb Code   376  stm32f4xx_hal_i2c.o(i.HAL_I2C_Init)
    HAL_I2C_Mem_Read                         0x08001619   Thumb Code   502  stm32f4xx_hal_i2c.o(i.HAL_I2C_Mem_Read)
    HAL_I2C_Mem_Write                        0x0800181d   Thumb Code   294  stm32f4xx_hal_i2c.o(i.HAL_I2C_Mem_Write)
    HAL_I2C_MspInit                          0x0800194d   Thumb Code    92  i2c.o(i.HAL_I2C_MspInit)
    HAL_IncTick                              0x080019b5   Thumb Code    12  stm32f4xx_hal.o(i.HAL_IncTick)
    HAL_Init                                 0x080019c5   Thumb Code    48  stm32f4xx_hal.o(i.HAL_Init)
    HAL_InitTick                             0x080019f9   Thumb Code   120  stm32f4xx_hal_timebase_tim.o(i.HAL_InitTick)
    HAL_MspInit                              0x08001a85   Thumb Code    52  stm32f4xx_hal_msp.o(i.HAL_MspInit)
    HAL_NVIC_EnableIRQ                       0x08001abd   Thumb Code    26  stm32f4xx_hal_cortex.o(i.HAL_NVIC_EnableIRQ)
    HAL_NVIC_SetPriority                     0x08001ad9   Thumb Code    60  stm32f4xx_hal_cortex.o(i.HAL_NVIC_SetPriority)
    HAL_NVIC_SetPriorityGrouping             0x08001b19   Thumb Code    26  stm32f4xx_hal_cortex.o(i.HAL_NVIC_SetPriorityGrouping)
    HAL_RCC_ClockConfig                      0x08001b3d   Thumb Code   288  stm32f4xx_hal_rcc.o(i.HAL_RCC_ClockConfig)
    HAL_RCC_GetClockConfig                   0x08001c71   Thumb Code    54  stm32f4xx_hal_rcc.o(i.HAL_RCC_GetClockConfig)
    HAL_RCC_GetPCLK1Freq                     0x08001cb1   Thumb Code    20  stm32f4xx_hal_rcc.o(i.HAL_RCC_GetPCLK1Freq)
    HAL_RCC_GetPCLK2Freq                     0x08001cd1   Thumb Code    20  stm32f4xx_hal_rcc.o(i.HAL_RCC_GetPCLK2Freq)
    HAL_RCC_GetSysClockFreq                  0x08001cf1   Thumb Code    88  stm32f4xx_hal_rcc.o(i.HAL_RCC_GetSysClockFreq)
    HAL_RCC_OscConfig                        0x08001d55   Thumb Code   856  stm32f4xx_hal_rcc.o(i.HAL_RCC_OscConfig)
    HAL_TIMEx_BreakCallback                  0x080020c1   Thumb Code     2  stm32f4xx_hal_tim_ex.o(i.HAL_TIMEx_BreakCallback)
    HAL_TIMEx_CommutCallback                 0x080020c3   Thumb Code     2  stm32f4xx_hal_tim_ex.o(i.HAL_TIMEx_CommutCallback)
    HAL_TIM_Base_Init                        0x080020c5   Thumb Code    90  stm32f4xx_hal_tim.o(i.HAL_TIM_Base_Init)
    HAL_TIM_Base_MspInit                     0x0800211f   Thumb Code     2  stm32f4xx_hal_tim.o(i.HAL_TIM_Base_MspInit)
    HAL_TIM_Base_Start_IT                    0x08002121   Thumb Code   100  stm32f4xx_hal_tim.o(i.HAL_TIM_Base_Start_IT)
    HAL_TIM_IC_CaptureCallback               0x080021a1   Thumb Code     2  stm32f4xx_hal_tim.o(i.HAL_TIM_IC_CaptureCallback)
    HAL_TIM_IRQHandler                       0x080021a3   Thumb Code   304  stm32f4xx_hal_tim.o(i.HAL_TIM_IRQHandler)
    HAL_TIM_OC_DelayElapsedCallback          0x080022d3   Thumb Code     2  stm32f4xx_hal_tim.o(i.HAL_TIM_OC_DelayElapsedCallback)
    HAL_TIM_PWM_PulseFinishedCallback        0x080022d5   Thumb Code     2  stm32f4xx_hal_tim.o(i.HAL_TIM_PWM_PulseFinishedCallback)
    HAL_TIM_PeriodElapsedCallback            0x080022d9   Thumb Code    14  main.o(i.HAL_TIM_PeriodElapsedCallback)
    HAL_TIM_TriggerCallback                  0x080022ed   Thumb Code     2  stm32f4xx_hal_tim.o(i.HAL_TIM_TriggerCallback)
    HAL_UARTEx_ReceiveToIdle_DMA             0x080022ef   Thumb Code    74  stm32f4xx_hal_uart.o(i.HAL_UARTEx_ReceiveToIdle_DMA)
    HAL_UARTEx_RxEventCallback               0x08002339   Thumb Code    28  remote_control.o(i.HAL_UARTEx_RxEventCallback)
    HAL_UART_ErrorCallback                   0x0800235d   Thumb Code     2  stm32f4xx_hal_uart.o(i.HAL_UART_ErrorCallback)
    HAL_UART_IRQHandler                      0x08002361   Thumb Code   636  stm32f4xx_hal_uart.o(i.HAL_UART_IRQHandler)
    HAL_UART_Init                            0x080025e1   Thumb Code   100  stm32f4xx_hal_uart.o(i.HAL_UART_Init)
    HAL_UART_MspInit                         0x08002645   Thumb Code   314  usart.o(i.HAL_UART_MspInit)
    HAL_UART_RxCpltCallback                  0x0800279d   Thumb Code     2  stm32f4xx_hal_uart.o(i.HAL_UART_RxCpltCallback)
    HAL_UART_RxHalfCpltCallback              0x0800279f   Thumb Code     2  stm32f4xx_hal_uart.o(i.HAL_UART_RxHalfCpltCallback)
    HAL_UART_Transmit                        0x080027a1   Thumb Code   160  stm32f4xx_hal_uart.o(i.HAL_UART_Transmit)
    HAL_UART_TxCpltCallback                  0x08002841   Thumb Code    14  tasks_1.o(i.HAL_UART_TxCpltCallback)
    HardFault_Handler                        0x08002859   Thumb Code     2  stm32f4xx_it.o(i.HardFault_Handler)
    MPU6050_DMP_Get_Date                     0x08002c99   Thumb Code   342  mpu6050.o(i.MPU6050_DMP_Get_Date)
    MPU6050_DMP_init                         0x08002dfd   Thumb Code   178  mpu6050.o(i.MPU6050_DMP_init)
    MX_CAN1_Init                             0x08002eb5   Thumb Code    60  can.o(i.MX_CAN1_Init)
    MX_FREERTOS_Init                         0x08002ef9   Thumb Code    46  freertos.o(i.MX_FREERTOS_Init)
    MX_GPIO_Init                             0x08002f3d   Thumb Code    54  gpio.o(i.MX_GPIO_Init)
    MX_I2C1_Init                             0x08002f79   Thumb Code    50  i2c.o(i.MX_I2C1_Init)
    MX_UART4_Init                            0x08002fb9   Thumb Code    48  usart.o(i.MX_UART4_Init)
    MX_USART2_UART_Init                      0x08002ff1   Thumb Code    54  usart.o(i.MX_USART2_UART_Init)
    MemManage_Handler                        0x08003035   Thumb Code     2  stm32f4xx_it.o(i.MemManage_Handler)
    Motor_GetFeedback                        0x08003049   Thumb Code    26  motor.o(i.Motor_GetFeedback)
    Motor_Init                               0x08003069   Thumb Code    84  motor.o(i.Motor_Init)
    NMI_Handler                              0x080031fd   Thumb Code     2  stm32f4xx_it.o(i.NMI_Handler)
    RemoteControl_GetMotorCommands           0x08003271   Thumb Code    68  remote_control.o(i.RemoteControl_GetMotorCommands)
    RemoteControl_Init                       0x080032b9   Thumb Code    26  remote_control.o(i.RemoteControl_Init)
    RemoteControl_Reset                      0x08003305   Thumb Code    14  remote_control.o(i.RemoteControl_Reset)
    StartDefaultTask                         0x08003369   Thumb Code     8  freertos.o(i.StartDefaultTask)
    StartTask02                              0x08003371   Thumb Code    56  tasks_1.o(i.StartTask02)
    StartTask03                              0x080033ad   Thumb Code    88  tasks_1.o(i.StartTask03)
    SysTick_Handler                          0x08003405   Thumb Code    26  cmsis_os2.o(i.SysTick_Handler)
    SystemClock_Config                       0x08003421   Thumb Code   140  main.o(i.SystemClock_Config)
    SystemInit                               0x080034b5   Thumb Code    12  system_stm32f4xx.o(i.SystemInit)
    TIM1_UP_TIM10_IRQHandler                 0x080034c5   Thumb Code     6  stm32f4xx_it.o(i.TIM1_UP_TIM10_IRQHandler)
    TIM_Base_SetConfig                       0x080034d1   Thumb Code   164  stm32f4xx_hal_tim.o(i.TIM_Base_SetConfig)
    UART_Start_Receive_DMA                   0x080038e9   Thumb Code   146  stm32f4xx_hal_uart.o(i.UART_Start_Receive_DMA)
    USART2_IRQHandler                        0x080039fd   Thumb Code     6  stm32f4xx_it.o(i.USART2_IRQHandler)
    UsageFault_Handler                       0x08003a09   Thumb Code     2  stm32f4xx_it.o(i.UsageFault_Handler)
    VOFA_Send_Data                           0x08003a51   Thumb Code   216  tasks_1.o(i.VOFA_Send_Data)
    __ARM_fpclassify                         0x08003b39   Thumb Code    48  fpclassify.o(i.__ARM_fpclassify)
    __hardfp_asin                            0x08003b89   Thumb Code   770  asin.o(i.__hardfp_asin)
    __hardfp_atan                            0x08003ee9   Thumb Code   622  atan.o(i.__hardfp_atan)
    __hardfp_atan2                           0x080041c1   Thumb Code   448  atan2.o(i.__hardfp_atan2)
    __kernel_poly                            0x080043c1   Thumb Code   248  poly.o(i.__kernel_poly)
    __mathlib_dbl_infnan                     0x080044b9   Thumb Code    20  dunder.o(i.__mathlib_dbl_infnan)
    __mathlib_dbl_infnan2                    0x080044cd   Thumb Code    20  dunder.o(i.__mathlib_dbl_infnan2)
    __mathlib_dbl_invalid                    0x080044e1   Thumb Code    24  dunder.o(i.__mathlib_dbl_invalid)
    __mathlib_dbl_underflow                  0x08004501   Thumb Code    24  dunder.o(i.__mathlib_dbl_underflow)
    atan                                     0x080045b1   Thumb Code    16  atan.o(i.atan)
    dmp_enable_6x_lp_quat                    0x080045c1   Thumb Code    58  inv_mpu_dmp_motion_driver.o(i.dmp_enable_6x_lp_quat)
    dmp_enable_feature                       0x080045fd   Thumb Code   464  inv_mpu_dmp_motion_driver.o(i.dmp_enable_feature)
    dmp_enable_gyro_cal                      0x080047d5   Thumb Code    34  inv_mpu_dmp_motion_driver.o(i.dmp_enable_gyro_cal)
    dmp_enable_lp_quat                       0x08004811   Thumb Code    58  inv_mpu_dmp_motion_driver.o(i.dmp_enable_lp_quat)
    dmp_load_motion_driver_firmware          0x0800484d   Thumb Code    16  inv_mpu_dmp_motion_driver.o(i.dmp_load_motion_driver_firmware)
    dmp_read_fifo                            0x08004861   Thumb Code   358  inv_mpu_dmp_motion_driver.o(i.dmp_read_fifo)
    dmp_set_accel_bias                       0x080049cd   Thumb Code   212  inv_mpu_dmp_motion_driver.o(i.dmp_set_accel_bias)
    dmp_set_fifo_rate                        0x08004aa5   Thumb Code    82  inv_mpu_dmp_motion_driver.o(i.dmp_set_fifo_rate)
    dmp_set_gyro_bias                        0x08004b09   Thumb Code   196  inv_mpu_dmp_motion_driver.o(i.dmp_set_gyro_bias)
    dmp_set_orientation                      0x08004bd5   Thumb Code   246  inv_mpu_dmp_motion_driver.o(i.dmp_set_orientation)
    dmp_set_shake_reject_thresh              0x08004ce1   Thumb Code    48  inv_mpu_dmp_motion_driver.o(i.dmp_set_shake_reject_thresh)
    dmp_set_shake_reject_time                0x08004d11   Thumb Code    32  inv_mpu_dmp_motion_driver.o(i.dmp_set_shake_reject_time)
    dmp_set_shake_reject_timeout             0x08004d31   Thumb Code    32  inv_mpu_dmp_motion_driver.o(i.dmp_set_shake_reject_timeout)
    dmp_set_tap_axes                         0x08004d51   Thumb Code    64  inv_mpu_dmp_motion_driver.o(i.dmp_set_tap_axes)
    dmp_set_tap_count                        0x08004d91   Thumb Code    34  inv_mpu_dmp_motion_driver.o(i.dmp_set_tap_count)
    dmp_set_tap_thresh                       0x08004db5   Thumb Code   314  inv_mpu_dmp_motion_driver.o(i.dmp_set_tap_thresh)
    dmp_set_tap_time                         0x08004f15   Thumb Code    32  inv_mpu_dmp_motion_driver.o(i.dmp_set_tap_time)
    dmp_set_tap_time_multi                   0x08004f35   Thumb Code    32  inv_mpu_dmp_motion_driver.o(i.dmp_set_tap_time_multi)
    fabs                                     0x08004f55   Thumb Code    24  fabs.o(i.fabs)
    main                                     0x080055a9   Thumb Code    42  main.o(i.main)
    mpu_configure_fifo                       0x080055d5   Thumb Code    78  inv_mpu.o(i.mpu_configure_fifo)
    mpu_get_accel_fsr                        0x08005629   Thumb Code    54  inv_mpu.o(i.mpu_get_accel_fsr)
    mpu_get_accel_sens                       0x08005665   Thumb Code    62  inv_mpu.o(i.mpu_get_accel_sens)
    mpu_get_gyro_fsr                         0x080056a9   Thumb Code    48  inv_mpu.o(i.mpu_get_gyro_fsr)
    mpu_get_gyro_sens                        0x080056dd   Thumb Code    54  inv_mpu.o(i.mpu_get_gyro_sens)
    mpu_get_lpf                              0x08005729   Thumb Code    52  inv_mpu.o(i.mpu_get_lpf)
    mpu_get_sample_rate                      0x08005761   Thumb Code    22  inv_mpu.o(i.mpu_get_sample_rate)
    mpu_init                                 0x0800577d   Thumb Code   334  inv_mpu.o(i.mpu_init)
    mpu_load_firmware                        0x080058d5   Thumb Code   178  inv_mpu.o(i.mpu_load_firmware)
    mpu_lp_accel_mode                        0x08005991   Thumb Code   220  inv_mpu.o(i.mpu_lp_accel_mode)
    mpu_read_fifo_stream                     0x08005a75   Thumb Code   188  inv_mpu.o(i.mpu_read_fifo_stream)
    mpu_read_mem                             0x08005b39   Thumb Code   106  inv_mpu.o(i.mpu_read_mem)
    mpu_reset_fifo                           0x08005bad   Thumb Code   454  inv_mpu.o(i.mpu_reset_fifo)
    mpu_run_self_test                        0x08005d7d   Thumb Code   234  inv_mpu.o(i.mpu_run_self_test)
    mpu_set_accel_fsr                        0x08005e6d   Thumb Code   116  inv_mpu.o(i.mpu_set_accel_fsr)
    mpu_set_bypass                           0x08005ee9   Thumb Code   320  inv_mpu.o(i.mpu_set_bypass)
    mpu_set_dmp_state                        0x08006031   Thumb Code   140  inv_mpu.o(i.mpu_set_dmp_state)
    mpu_set_gyro_fsr                         0x080060c5   Thumb Code   122  inv_mpu.o(i.mpu_set_gyro_fsr)
    mpu_set_int_latched                      0x08006149   Thumb Code   110  inv_mpu.o(i.mpu_set_int_latched)
    mpu_set_lpf                              0x080061c1   Thumb Code   116  inv_mpu.o(i.mpu_set_lpf)
    mpu_set_sample_rate                      0x0800623d   Thumb Code   142  inv_mpu.o(i.mpu_set_sample_rate)
    mpu_set_sensors                          0x080062d5   Thumb Code   214  inv_mpu.o(i.mpu_set_sensors)
    mpu_write_mem                            0x080063b5   Thumb Code   106  inv_mpu.o(i.mpu_write_mem)
    osDelay                                  0x08006429   Thumb Code    26  cmsis_os2.o(i.osDelay)
    osKernelInitialize                       0x08006445   Thumb Code    32  cmsis_os2.o(i.osKernelInitialize)
    osKernelStart                            0x08006469   Thumb Code    48  cmsis_os2.o(i.osKernelStart)
    osThreadNew                              0x080064a1   Thumb Code   138  cmsis_os2.o(i.osThreadNew)
    pvPortMalloc                             0x08006cc1   Thumb Code   216  heap_4.o(i.pvPortMalloc)
    pxPortInitialiseStack                    0x08006d9d   Thumb Code    40  port.o(i.pxPortInitialiseStack)
    sqrt                                     0x08006ec1   Thumb Code   110  sqrt.o(i.sqrt)
    uxListRemove                             0x08006f2f   Thumb Code    38  list.o(i.uxListRemove)
    vApplicationGetIdleTaskMemory            0x08006f55   Thumb Code    16  cmsis_os2.o(i.vApplicationGetIdleTaskMemory)
    vApplicationGetTimerTaskMemory           0x08006f69   Thumb Code    18  cmsis_os2.o(i.vApplicationGetTimerTaskMemory)
    vListInitialise                          0x08006f81   Thumb Code    22  list.o(i.vListInitialise)
    vListInitialiseItem                      0x08006f97   Thumb Code     6  list.o(i.vListInitialiseItem)
    vListInsert                              0x08006f9d   Thumb Code    48  list.o(i.vListInsert)
    vListInsertEnd                           0x08006fcd   Thumb Code    24  list.o(i.vListInsertEnd)
    vPortEnterCritical                       0x08006fe5   Thumb Code    54  port.o(i.vPortEnterCritical)
    vPortExitCritical                        0x08007025   Thumb Code    34  port.o(i.vPortExitCritical)
    vPortFree                                0x0800704d   Thumb Code    94  heap_4.o(i.vPortFree)
    vPortSetupTimerInterrupt                 0x080070b1   Thumb Code    32  port.o(i.vPortSetupTimerInterrupt)
    vPortValidateInterruptPriority           0x080070d5   Thumb Code    74  port.o(i.vPortValidateInterruptPriority)
    vQueueAddToRegistry                      0x08007129   Thumb Code    34  queue.o(i.vQueueAddToRegistry)
    vQueueWaitForMessageRestricted           0x08007151   Thumb Code    68  queue.o(i.vQueueWaitForMessageRestricted)
    vTaskDelay                               0x08007195   Thumb Code    66  tasks.o(i.vTaskDelay)
    vTaskDelayUntil                          0x080071e1   Thumb Code   132  tasks.o(i.vTaskDelayUntil)
    vTaskInternalSetTimeOutState             0x0800726d   Thumb Code    12  tasks.o(i.vTaskInternalSetTimeOutState)
    vTaskMissedYield                         0x0800727d   Thumb Code     8  tasks.o(i.vTaskMissedYield)
    vTaskPlaceOnEventList                    0x08007289   Thumb Code    44  tasks.o(i.vTaskPlaceOnEventList)
    vTaskPlaceOnEventListRestricted          0x080072b9   Thumb Code    52  tasks.o(i.vTaskPlaceOnEventListRestricted)
    vTaskStartScheduler                      0x080072f1   Thumb Code   118  tasks.o(i.vTaskStartScheduler)
    vTaskSuspendAll                          0x08007379   Thumb Code    10  tasks.o(i.vTaskSuspendAll)
    vTaskSwitchContext                       0x08007389   Thumb Code    90  tasks.o(i.vTaskSwitchContext)
    xPortStartScheduler                      0x080073ed   Thumb Code   222  port.o(i.xPortStartScheduler)
    xPortSysTickHandler                      0x080074e1   Thumb Code    38  port.o(i.xPortSysTickHandler)
    xQueueGenericCreateStatic                0x0800750d   Thumb Code   102  queue.o(i.xQueueGenericCreateStatic)
    xQueueGenericReset                       0x08007575   Thumb Code   132  queue.o(i.xQueueGenericReset)
    xQueueGenericSend                        0x080075fd   Thumb Code   346  queue.o(i.xQueueGenericSend)
    xQueueGenericSendFromISR                 0x0800775d   Thumb Code   190  queue.o(i.xQueueGenericSendFromISR)
    xQueueReceive                            0x0800781d   Thumb Code   308  queue.o(i.xQueueReceive)
    xTaskCheckForTimeOut                     0x08007955   Thumb Code   112  tasks.o(i.xTaskCheckForTimeOut)
    xTaskCreate                              0x080079c9   Thumb Code    90  tasks.o(i.xTaskCreate)
    xTaskCreateStatic                        0x08007a23   Thumb Code    86  tasks.o(i.xTaskCreateStatic)
    xTaskGetSchedulerState                   0x08007a79   Thumb Code    22  tasks.o(i.xTaskGetSchedulerState)
    xTaskGetTickCount                        0x08007a95   Thumb Code     6  tasks.o(i.xTaskGetTickCount)
    xTaskGetTickCountFromISR                 0x08007aa1   Thumb Code    12  tasks.o(i.xTaskGetTickCountFromISR)
    xTaskIncrementTick                       0x08007ab1   Thumb Code   192  tasks.o(i.xTaskIncrementTick)
    xTaskPriorityDisinherit                  0x08007b79   Thumb Code   118  tasks.o(i.xTaskPriorityDisinherit)
    xTaskRemoveFromEventList                 0x08007bf9   Thumb Code    98  tasks.o(i.xTaskRemoveFromEventList)
    xTaskResumeAll                           0x08007c69   Thumb Code   182  tasks.o(i.xTaskResumeAll)
    xTimerCreateTimerTask                    0x08007d2d   Thumb Code    78  timers.o(i.xTimerCreateTimerTask)
    xTimerGenericCommand                     0x08007d8d   Thumb Code    98  timers.o(i.xTimerGenericCommand)
    __aeabi_dneg                             0x08007df5   Thumb Code     0  basic.o(x$fpl$basic)
    _dneg                                    0x08007df5   Thumb Code     6  basic.o(x$fpl$basic)
    __aeabi_fneg                             0x08007dfb   Thumb Code     0  basic.o(x$fpl$basic)
    _fneg                                    0x08007dfb   Thumb Code     6  basic.o(x$fpl$basic)
    _dabs                                    0x08007e01   Thumb Code     6  basic.o(x$fpl$basic)
    _fabs                                    0x08007e07   Thumb Code     6  basic.o(x$fpl$basic)
    __aeabi_d2f                              0x08007e0d   Thumb Code     0  d2f.o(x$fpl$d2f)
    _d2f                                     0x08007e0d   Thumb Code    98  d2f.o(x$fpl$d2f)
    __aeabi_dadd                             0x08007e71   Thumb Code     0  daddsub_clz.o(x$fpl$dadd)
    _dadd                                    0x08007e71   Thumb Code   332  daddsub_clz.o(x$fpl$dadd)
    __fpl_dcmp_Inf                           0x08007fc1   Thumb Code    24  dcmpi.o(x$fpl$dcmpinf)
    __aeabi_ddiv                             0x08007fd9   Thumb Code     0  ddiv.o(x$fpl$ddiv)
    _ddiv                                    0x08007fd9   Thumb Code   552  ddiv.o(x$fpl$ddiv)
    __aeabi_cdcmpeq                          0x08008289   Thumb Code     0  deqf.o(x$fpl$deqf)
    _dcmpeq                                  0x08008289   Thumb Code   120  deqf.o(x$fpl$deqf)
    __aeabi_dmul                             0x08008301   Thumb Code     0  dmul.o(x$fpl$dmul)
    _dmul                                    0x08008301   Thumb Code   332  dmul.o(x$fpl$dmul)
    __fpl_dnaninf                            0x08008455   Thumb Code   156  dnaninf.o(x$fpl$dnaninf)
    __fpl_dretinf                            0x080084f1   Thumb Code    12  dretinf.o(x$fpl$dretinf)
    __aeabi_drsub                            0x080084fd   Thumb Code     0  daddsub_clz.o(x$fpl$drsb)
    _drsb                                    0x080084fd   Thumb Code    22  daddsub_clz.o(x$fpl$drsb)
    _dsqrt                                   0x08008515   Thumb Code   404  dsqrt_umaal.o(x$fpl$dsqrt)
    __aeabi_dsub                             0x080086ad   Thumb Code     0  daddsub_clz.o(x$fpl$dsub)
    _dsub                                    0x080086ad   Thumb Code   464  daddsub_clz.o(x$fpl$dsub)
    __aeabi_f2d                              0x08008881   Thumb Code     0  f2d.o(x$fpl$f2d)
    _f2d                                     0x08008881   Thumb Code    86  f2d.o(x$fpl$f2d)
    __fpl_fnaninf                            0x080088d7   Thumb Code   140  fnaninf.o(x$fpl$fnaninf)
    _fp_init                                 0x08008963   Thumb Code    10  fpinit.o(x$fpl$fpinit)
    __fplib_config_fpu_vfp                   0x0800896b   Thumb Code     0  fpinit.o(x$fpl$fpinit)
    __fplib_config_pureend_doubles           0x0800896b   Thumb Code     0  fpinit.o(x$fpl$fpinit)
    __fpl_fretinf                            0x0800896d   Thumb Code    10  fretinf.o(x$fpl$fretinf)
    __I$use$fp                               0x08008976   Number         0  usenofp.o(x$fpl$usenofp)
    defaultTask_attributes                   0x08008978   Data          36  freertos.o(.constdata)
    Message_In_Out_attributes                0x0800899c   Data          36  freertos.o(.constdata)
    CAN_Motor_attributes                     0x080089c0   Data          36  freertos.o(.constdata)
    AHBPrescTable                            0x080089ec   Data          16  system_stm32f4xx.o(.constdata)
    APBPrescTable                            0x080089fc   Data           8  system_stm32f4xx.o(.constdata)
    reg                                      0x08008a04   Data          30  inv_mpu.o(.constdata)
    hw                                       0x08008a22   Data          12  inv_mpu.o(.constdata)
    test                                     0x08008a30   Data          40  inv_mpu.o(.constdata)
    __mathlib_zero                           0x08009738   Data           8  qnan.o(.constdata)
    Region$$Table$$Base                      0x08009768   Number         0  anon$$obj.o(Region$$Table)
    Region$$Table$$Limit                     0x08009788   Number         0  anon$$obj.o(Region$$Table)
    defaultTaskHandle                        0x20000000   Data           4  freertos.o(.data)
    Message_In_OutHandle                     0x20000004   Data           4  freertos.o(.data)
    CAN_MotorHandle                          0x20000008   Data           4  freertos.o(.data)
    uwTickFreq                               0x2000000c   Data           1  stm32f4xx_hal.o(.data)
    uwTickPrio                               0x20000010   Data           4  stm32f4xx_hal.o(.data)
    uwTick                                   0x20000014   Data           4  stm32f4xx_hal.o(.data)
    SystemCoreClock                          0x20000018   Data           4  system_stm32f4xx.o(.data)
    pxCurrentTCB                             0x2000001c   Data           4  tasks.o(.data)
    hcan1                                    0x200000f0   Data          40  can.o(.bss)
    hi2c1                                    0x20000118   Data          84  i2c.o(.bss)
    huart4                                   0x2000016c   Data          72  usart.o(.bss)
    huart2                                   0x200001b4   Data          72  usart.o(.bss)
    hdma_uart4_tx                            0x200001fc   Data          96  usart.o(.bss)
    hdma_usart2_rx                           0x2000025c   Data          96  usart.o(.bss)
    htim1                                    0x200002bc   Data          72  stm32f4xx_hal_timebase_tim.o(.bss)
    xQueueRegistry                           0x20000304   Data          64  queue.o(.bss)
    __libspace_start                         0x200050ac   Data          96  libspace.o(.bss)
    __temporary_stack_top$libspace           0x2000510c   Data           0  libspace.o(.bss)



==============================================================================

Memory Map of the image

  Image Entry point : 0x08000189

  Load Region LR_IROM1 (Base: 0x08000000, Size: 0x00009878, Max: 0x00100000, ABSOLUTE)

    Execution Region ER_IROM1 (Exec base: 0x08000000, Load base: 0x08000000, Size: 0x00009788, Max: 0x00100000, ABSOLUTE)

    Exec Addr    Load Addr    Size         Type   Attr      Idx    E Section Name        Object

    0x08000000   0x08000000   0x00000188   Data   RO            3    RESET               startup_stm32f405xx.o
    0x08000188   0x08000188   0x00000008   Code   RO         6339  * !!!main             c_w.l(__main.o)
    0x08000190   0x08000190   0x00000034   Code   RO         6635    !!!scatter          c_w.l(__scatter.o)
    0x080001c4   0x080001c4   0x0000001a   Code   RO         6637    !!handler_copy      c_w.l(__scatter_copy.o)
    0x080001de   0x080001de   0x00000002   PAD
    0x080001e0   0x080001e0   0x0000001c   Code   RO         6639    !!handler_zi        c_w.l(__scatter_zi.o)
    0x080001fc   0x080001fc   0x00000002   Code   RO         6506    .ARM.Collect$$libinit$$00000000  c_w.l(libinit.o)
    0x080001fe   0x080001fe   0x00000004   Code   RO         6515    .ARM.Collect$$libinit$$00000001  c_w.l(libinit2.o)
    0x08000202   0x08000202   0x00000000   Code   RO         6518    .ARM.Collect$$libinit$$00000004  c_w.l(libinit2.o)
    0x08000202   0x08000202   0x00000000   Code   RO         6521    .ARM.Collect$$libinit$$0000000A  c_w.l(libinit2.o)
    0x08000202   0x08000202   0x00000000   Code   RO         6523    .ARM.Collect$$libinit$$0000000C  c_w.l(libinit2.o)
    0x08000202   0x08000202   0x00000000   Code   RO         6525    .ARM.Collect$$libinit$$0000000E  c_w.l(libinit2.o)
    0x08000202   0x08000202   0x00000000   Code   RO         6528    .ARM.Collect$$libinit$$00000011  c_w.l(libinit2.o)
    0x08000202   0x08000202   0x00000000   Code   RO         6530    .ARM.Collect$$libinit$$00000013  c_w.l(libinit2.o)
    0x08000202   0x08000202   0x00000000   Code   RO         6532    .ARM.Collect$$libinit$$00000015  c_w.l(libinit2.o)
    0x08000202   0x08000202   0x00000000   Code   RO         6534    .ARM.Collect$$libinit$$00000017  c_w.l(libinit2.o)
    0x08000202   0x08000202   0x00000000   Code   RO         6536    .ARM.Collect$$libinit$$00000019  c_w.l(libinit2.o)
    0x08000202   0x08000202   0x00000000   Code   RO         6538    .ARM.Collect$$libinit$$0000001B  c_w.l(libinit2.o)
    0x08000202   0x08000202   0x00000000   Code   RO         6540    .ARM.Collect$$libinit$$0000001D  c_w.l(libinit2.o)
    0x08000202   0x08000202   0x00000000   Code   RO         6542    .ARM.Collect$$libinit$$0000001F  c_w.l(libinit2.o)
    0x08000202   0x08000202   0x00000000   Code   RO         6544    .ARM.Collect$$libinit$$00000021  c_w.l(libinit2.o)
    0x08000202   0x08000202   0x00000000   Code   RO         6546    .ARM.Collect$$libinit$$00000023  c_w.l(libinit2.o)
    0x08000202   0x08000202   0x00000000   Code   RO         6548    .ARM.Collect$$libinit$$00000025  c_w.l(libinit2.o)
    0x08000202   0x08000202   0x00000000   Code   RO         6552    .ARM.Collect$$libinit$$0000002C  c_w.l(libinit2.o)
    0x08000202   0x08000202   0x00000000   Code   RO         6554    .ARM.Collect$$libinit$$0000002E  c_w.l(libinit2.o)
    0x08000202   0x08000202   0x00000000   Code   RO         6556    .ARM.Collect$$libinit$$00000030  c_w.l(libinit2.o)
    0x08000202   0x08000202   0x00000000   Code   RO         6558    .ARM.Collect$$libinit$$00000032  c_w.l(libinit2.o)
    0x08000202   0x08000202   0x00000002   Code   RO         6559    .ARM.Collect$$libinit$$00000033  c_w.l(libinit2.o)
    0x08000204   0x08000204   0x00000002   Code   RO         6590    .ARM.Collect$$libshutdown$$00000000  c_w.l(libshutdown.o)
    0x08000206   0x08000206   0x00000000   Code   RO         6616    .ARM.Collect$$libshutdown$$00000002  c_w.l(libshutdown2.o)
    0x08000206   0x08000206   0x00000000   Code   RO         6618    .ARM.Collect$$libshutdown$$00000004  c_w.l(libshutdown2.o)
    0x08000206   0x08000206   0x00000000   Code   RO         6620    .ARM.Collect$$libshutdown$$00000006  c_w.l(libshutdown2.o)
    0x08000206   0x08000206   0x00000000   Code   RO         6623    .ARM.Collect$$libshutdown$$00000009  c_w.l(libshutdown2.o)
    0x08000206   0x08000206   0x00000000   Code   RO         6626    .ARM.Collect$$libshutdown$$0000000C  c_w.l(libshutdown2.o)
    0x08000206   0x08000206   0x00000000   Code   RO         6628    .ARM.Collect$$libshutdown$$0000000E  c_w.l(libshutdown2.o)
    0x08000206   0x08000206   0x00000000   Code   RO         6631    .ARM.Collect$$libshutdown$$00000011  c_w.l(libshutdown2.o)
    0x08000206   0x08000206   0x00000002   Code   RO         6632    .ARM.Collect$$libshutdown$$00000012  c_w.l(libshutdown2.o)
    0x08000208   0x08000208   0x00000000   Code   RO         6379    .ARM.Collect$$rtentry$$00000000  c_w.l(__rtentry.o)
    0x08000208   0x08000208   0x00000000   Code   RO         6463    .ARM.Collect$$rtentry$$00000002  c_w.l(__rtentry2.o)
    0x08000208   0x08000208   0x00000006   Code   RO         6475    .ARM.Collect$$rtentry$$00000004  c_w.l(__rtentry4.o)
    0x0800020e   0x0800020e   0x00000000   Code   RO         6465    .ARM.Collect$$rtentry$$00000009  c_w.l(__rtentry2.o)
    0x0800020e   0x0800020e   0x00000004   Code   RO         6466    .ARM.Collect$$rtentry$$0000000A  c_w.l(__rtentry2.o)
    0x08000212   0x08000212   0x00000000   Code   RO         6468    .ARM.Collect$$rtentry$$0000000C  c_w.l(__rtentry2.o)
    0x08000212   0x08000212   0x00000008   Code   RO         6469    .ARM.Collect$$rtentry$$0000000D  c_w.l(__rtentry2.o)
    0x0800021a   0x0800021a   0x00000002   Code   RO         6507    .ARM.Collect$$rtexit$$00000000  c_w.l(rtexit.o)
    0x0800021c   0x0800021c   0x00000000   Code   RO         6563    .ARM.Collect$$rtexit$$00000002  c_w.l(rtexit2.o)
    0x0800021c   0x0800021c   0x00000004   Code   RO         6564    .ARM.Collect$$rtexit$$00000003  c_w.l(rtexit2.o)
    0x08000220   0x08000220   0x00000006   Code   RO         6565    .ARM.Collect$$rtexit$$00000004  c_w.l(rtexit2.o)
    0x08000226   0x08000226   0x00000002   PAD
    0x08000228   0x08000228   0x000000be   Code   RO         5462    .emb_text           port.o
    0x080002e6   0x080002e6   0x00000002   PAD
    0x080002e8   0x080002e8   0x00000040   Code   RO            4    .text               startup_stm32f405xx.o
    0x08000328   0x08000328   0x000000ee   Code   RO         6321    .text               c_w.l(lludivv7m.o)
    0x08000416   0x08000416   0x00000048   Code   RO         6323    .text               c_w.l(llsdiv.o)
    0x0800045e   0x0800045e   0x00000058   Code   RO         6325    .text               c_w.l(memcmp.o)
    0x080004b6   0x080004b6   0x0000008a   Code   RO         6327    .text               c_w.l(rt_memcpy_v6.o)
    0x08000540   0x08000540   0x00000064   Code   RO         6329    .text               c_w.l(rt_memcpy_w.o)
    0x080005a4   0x080005a4   0x00000010   Code   RO         6333    .text               c_w.l(aeabi_memset.o)
    0x080005b4   0x080005b4   0x0000004e   Code   RO         6335    .text               c_w.l(rt_memclr_w.o)
    0x08000602   0x08000602   0x00000006   Code   RO         6337    .text               c_w.l(heapauxi.o)
    0x08000608   0x08000608   0x00000016   Code   RO         6384    .text               c_w.l(_rserrno.o)
    0x0800061e   0x0800061e   0x00000044   Code   RO         6386    .text               c_w.l(rt_memclr.o)
    0x08000662   0x08000662   0x00000002   PAD
    0x08000664   0x08000664   0x00000008   Code   RO         6482    .text               c_w.l(rt_errno_addr_intlibspace.o)
    0x0800066c   0x0800066c   0x00000008   Code   RO         6490    .text               c_w.l(libspace.o)
    0x08000674   0x08000674   0x0000004a   Code   RO         6493    .text               c_w.l(sys_stackheap_outer.o)
    0x080006be   0x080006be   0x00000012   Code   RO         6495    .text               c_w.l(exit.o)
    0x080006d0   0x080006d0   0x0000000c   Code   RO         6560    .text               c_w.l(sys_exit.o)
    0x080006dc   0x080006dc   0x00000002   Code   RO         6579    .text               c_w.l(use_no_semi.o)
    0x080006de   0x080006de   0x00000000   Code   RO         6581    .text               c_w.l(indicate_semi.o)
    0x080006de   0x080006de   0x00000002   Code   RO          420    i.BusFault_Handler  stm32f4xx_it.o
    0x080006e0   0x080006e0   0x0000000c   Code   RO          421    i.CAN1_RX0_IRQHandler  stm32f4xx_it.o
    0x080006ec   0x080006ec   0x0000001c   Code   RO         6071    i.CAN1_Send_Motor_Command  motor.o
    0x08000708   0x08000708   0x0000000c   Code   RO          422    i.DMA1_Stream4_IRQHandler  stm32f4xx_it.o
    0x08000714   0x08000714   0x0000000c   Code   RO          423    i.DMA1_Stream5_IRQHandler  stm32f4xx_it.o
    0x08000720   0x08000720   0x00000028   Code   RO         2237    i.DMA_CalcBaseAndBitshift  stm32f4xx_hal_dma.o
    0x08000748   0x08000748   0x00000054   Code   RO         2238    i.DMA_CheckFifoParam  stm32f4xx_hal_dma.o
    0x0800079c   0x0800079c   0x00000028   Code   RO         2239    i.DMA_SetConfig     stm32f4xx_hal_dma.o
    0x080007c4   0x080007c4   0x00000002   Code   RO          424    i.DebugMon_Handler  stm32f4xx_it.o
    0x080007c6   0x080007c6   0x00000004   Code   RO           13    i.Error_Handler     main.o
    0x080007ca   0x080007ca   0x00000024   Code   RO         1545    i.HAL_CAN_ActivateNotification  stm32f4xx_hal_can.o
    0x080007ee   0x080007ee   0x000000d0   Code   RO         1546    i.HAL_CAN_AddTxMessage  stm32f4xx_hal_can.o
    0x080008be   0x080008be   0x00000002   PAD
    0x080008c0   0x080008c0   0x0000010c   Code   RO         1547    i.HAL_CAN_ConfigFilter  stm32f4xx_hal_can.o
    0x080009cc   0x080009cc   0x00000002   Code   RO         1550    i.HAL_CAN_ErrorCallback  stm32f4xx_hal_can.o
    0x080009ce   0x080009ce   0x000000f4   Code   RO         1553    i.HAL_CAN_GetRxMessage  stm32f4xx_hal_can.o
    0x08000ac2   0x08000ac2   0x000001fc   Code   RO         1557    i.HAL_CAN_IRQHandler  stm32f4xx_hal_can.o
    0x08000cbe   0x08000cbe   0x0000011a   Code   RO         1558    i.HAL_CAN_Init      stm32f4xx_hal_can.o
    0x08000dd8   0x08000dd8   0x0000007c   Code   RO          289    i.HAL_CAN_MspInit   can.o
    0x08000e54   0x08000e54   0x00000002   Code   RO         1565    i.HAL_CAN_RxFifo0FullCallback  stm32f4xx_hal_can.o
    0x08000e56   0x08000e56   0x00000002   PAD
    0x08000e58   0x08000e58   0x00000010   Code   RO         6074    i.HAL_CAN_RxFifo0MsgPendingCallback  motor.o
    0x08000e68   0x08000e68   0x00000002   Code   RO         1567    i.HAL_CAN_RxFifo1FullCallback  stm32f4xx_hal_can.o
    0x08000e6a   0x08000e6a   0x00000002   Code   RO         1568    i.HAL_CAN_RxFifo1MsgPendingCallback  stm32f4xx_hal_can.o
    0x08000e6c   0x08000e6c   0x00000002   Code   RO         1569    i.HAL_CAN_SleepCallback  stm32f4xx_hal_can.o
    0x08000e6e   0x08000e6e   0x00000002   PAD
    0x08000e70   0x08000e70   0x00000058   Code   RO         1570    i.HAL_CAN_Start     stm32f4xx_hal_can.o
    0x08000ec8   0x08000ec8   0x00000002   Code   RO         1572    i.HAL_CAN_TxMailbox0AbortCallback  stm32f4xx_hal_can.o
    0x08000eca   0x08000eca   0x00000002   Code   RO         1573    i.HAL_CAN_TxMailbox0CompleteCallback  stm32f4xx_hal_can.o
    0x08000ecc   0x08000ecc   0x00000002   Code   RO         1574    i.HAL_CAN_TxMailbox1AbortCallback  stm32f4xx_hal_can.o
    0x08000ece   0x08000ece   0x00000002   Code   RO         1575    i.HAL_CAN_TxMailbox1CompleteCallback  stm32f4xx_hal_can.o
    0x08000ed0   0x08000ed0   0x00000002   Code   RO         1576    i.HAL_CAN_TxMailbox2AbortCallback  stm32f4xx_hal_can.o
    0x08000ed2   0x08000ed2   0x00000002   Code   RO         1577    i.HAL_CAN_TxMailbox2CompleteCallback  stm32f4xx_hal_can.o
    0x08000ed4   0x08000ed4   0x00000002   Code   RO         1579    i.HAL_CAN_WakeUpFromRxMsgCallback  stm32f4xx_hal_can.o
    0x08000ed6   0x08000ed6   0x00000092   Code   RO         2240    i.HAL_DMA_Abort     stm32f4xx_hal_dma.o
    0x08000f68   0x08000f68   0x00000024   Code   RO         2241    i.HAL_DMA_Abort_IT  stm32f4xx_hal_dma.o
    0x08000f8c   0x08000f8c   0x000001a0   Code   RO         2245    i.HAL_DMA_IRQHandler  stm32f4xx_hal_dma.o
    0x0800112c   0x0800112c   0x000000d4   Code   RO         2246    i.HAL_DMA_Init      stm32f4xx_hal_dma.o
    0x08001200   0x08001200   0x0000006e   Code   RO         2250    i.HAL_DMA_Start_IT  stm32f4xx_hal_dma.o
    0x0800126e   0x0800126e   0x00000002   PAD
    0x08001270   0x08001270   0x00000024   Code   RO         2677    i.HAL_Delay         stm32f4xx_hal.o
    0x08001294   0x08001294   0x000001f0   Code   RO         2133    i.HAL_GPIO_Init     stm32f4xx_hal_gpio.o
    0x08001484   0x08001484   0x0000000c   Code   RO         2683    i.HAL_GetTick       stm32f4xx_hal.o
    0x08001490   0x08001490   0x00000188   Code   RO         2939    i.HAL_I2C_Init      stm32f4xx_hal_i2c.o
    0x08001618   0x08001618   0x00000204   Code   RO         2957    i.HAL_I2C_Mem_Read  stm32f4xx_hal_i2c.o
    0x0800181c   0x0800181c   0x00000130   Code   RO         2960    i.HAL_I2C_Mem_Write  stm32f4xx_hal_i2c.o
    0x0800194c   0x0800194c   0x00000068   Code   RO          331    i.HAL_I2C_MspInit   i2c.o
    0x080019b4   0x080019b4   0x00000010   Code   RO         2689    i.HAL_IncTick       stm32f4xx_hal.o
    0x080019c4   0x080019c4   0x00000034   Code   RO         2690    i.HAL_Init          stm32f4xx_hal.o
    0x080019f8   0x080019f8   0x0000008c   Code   RO          532    i.HAL_InitTick      stm32f4xx_hal_timebase_tim.o
    0x08001a84   0x08001a84   0x00000038   Code   RO          508    i.HAL_MspInit       stm32f4xx_hal_msp.o
    0x08001abc   0x08001abc   0x0000001a   Code   RO         2525    i.HAL_NVIC_EnableIRQ  stm32f4xx_hal_cortex.o
    0x08001ad6   0x08001ad6   0x00000002   PAD
    0x08001ad8   0x08001ad8   0x00000040   Code   RO         2531    i.HAL_NVIC_SetPriority  stm32f4xx_hal_cortex.o
    0x08001b18   0x08001b18   0x00000024   Code   RO         2532    i.HAL_NVIC_SetPriorityGrouping  stm32f4xx_hal_cortex.o
    0x08001b3c   0x08001b3c   0x00000134   Code   RO         1779    i.HAL_RCC_ClockConfig  stm32f4xx_hal_rcc.o
    0x08001c70   0x08001c70   0x00000040   Code   RO         1783    i.HAL_RCC_GetClockConfig  stm32f4xx_hal_rcc.o
    0x08001cb0   0x08001cb0   0x00000020   Code   RO         1786    i.HAL_RCC_GetPCLK1Freq  stm32f4xx_hal_rcc.o
    0x08001cd0   0x08001cd0   0x00000020   Code   RO         1787    i.HAL_RCC_GetPCLK2Freq  stm32f4xx_hal_rcc.o
    0x08001cf0   0x08001cf0   0x00000064   Code   RO         1788    i.HAL_RCC_GetSysClockFreq  stm32f4xx_hal_rcc.o
    0x08001d54   0x08001d54   0x0000036c   Code   RO         1791    i.HAL_RCC_OscConfig  stm32f4xx_hal_rcc.o
    0x080020c0   0x080020c0   0x00000002   Code   RO         1277    i.HAL_TIMEx_BreakCallback  stm32f4xx_hal_tim_ex.o
    0x080020c2   0x080020c2   0x00000002   Code   RO         1278    i.HAL_TIMEx_CommutCallback  stm32f4xx_hal_tim_ex.o
    0x080020c4   0x080020c4   0x0000005a   Code   RO          573    i.HAL_TIM_Base_Init  stm32f4xx_hal_tim.o
    0x0800211e   0x0800211e   0x00000002   Code   RO          575    i.HAL_TIM_Base_MspInit  stm32f4xx_hal_tim.o
    0x08002120   0x08002120   0x00000080   Code   RO          578    i.HAL_TIM_Base_Start_IT  stm32f4xx_hal_tim.o
    0x080021a0   0x080021a0   0x00000002   Code   RO          607    i.HAL_TIM_IC_CaptureCallback  stm32f4xx_hal_tim.o
    0x080021a2   0x080021a2   0x00000130   Code   RO          621    i.HAL_TIM_IRQHandler  stm32f4xx_hal_tim.o
    0x080022d2   0x080022d2   0x00000002   Code   RO          624    i.HAL_TIM_OC_DelayElapsedCallback  stm32f4xx_hal_tim.o
    0x080022d4   0x080022d4   0x00000002   Code   RO          651    i.HAL_TIM_PWM_PulseFinishedCallback  stm32f4xx_hal_tim.o
    0x080022d6   0x080022d6   0x00000002   PAD
    0x080022d8   0x080022d8   0x00000014   Code   RO           14    i.HAL_TIM_PeriodElapsedCallback  main.o
    0x080022ec   0x080022ec   0x00000002   Code   RO          664    i.HAL_TIM_TriggerCallback  stm32f4xx_hal_tim.o
    0x080022ee   0x080022ee   0x0000004a   Code   RO         3393    i.HAL_UARTEx_ReceiveToIdle_DMA  stm32f4xx_hal_uart.o
    0x08002338   0x08002338   0x00000024   Code   RO         6242    i.HAL_UARTEx_RxEventCallback  remote_control.o
    0x0800235c   0x0800235c   0x00000002   Code   RO         3409    i.HAL_UART_ErrorCallback  stm32f4xx_hal_uart.o
    0x0800235e   0x0800235e   0x00000002   PAD
    0x08002360   0x08002360   0x00000280   Code   RO         3412    i.HAL_UART_IRQHandler  stm32f4xx_hal_uart.o
    0x080025e0   0x080025e0   0x00000064   Code   RO         3413    i.HAL_UART_Init     stm32f4xx_hal_uart.o
    0x08002644   0x08002644   0x00000158   Code   RO          373    i.HAL_UART_MspInit  usart.o
    0x0800279c   0x0800279c   0x00000002   Code   RO         3419    i.HAL_UART_RxCpltCallback  stm32f4xx_hal_uart.o
    0x0800279e   0x0800279e   0x00000002   Code   RO         3420    i.HAL_UART_RxHalfCpltCallback  stm32f4xx_hal_uart.o
    0x080027a0   0x080027a0   0x000000a0   Code   RO         3421    i.HAL_UART_Transmit  stm32f4xx_hal_uart.o
    0x08002840   0x08002840   0x00000018   Code   RO         6173    i.HAL_UART_TxCpltCallback  tasks_1.o
    0x08002858   0x08002858   0x00000002   Code   RO          425    i.HardFault_Handler  stm32f4xx_it.o
    0x0800285a   0x0800285a   0x0000002e   Code   RO         2982    i.I2C_IsAcknowledgeFailed  stm32f4xx_hal_i2c.o
    0x08002888   0x08002888   0x000000fc   Code   RO         2992    i.I2C_RequestMemoryRead  stm32f4xx_hal_i2c.o
    0x08002984   0x08002984   0x000000a8   Code   RO         2993    i.I2C_RequestMemoryWrite  stm32f4xx_hal_i2c.o
    0x08002a2c   0x08002a2c   0x00000056   Code   RO         2997    i.I2C_WaitOnBTFFlagUntilTimeout  stm32f4xx_hal_i2c.o
    0x08002a82   0x08002a82   0x00000002   PAD
    0x08002a84   0x08002a84   0x00000090   Code   RO         2998    i.I2C_WaitOnFlagUntilTimeout  stm32f4xx_hal_i2c.o
    0x08002b14   0x08002b14   0x000000bc   Code   RO         2999    i.I2C_WaitOnMasterAddressFlagUntilTimeout  stm32f4xx_hal_i2c.o
    0x08002bd0   0x08002bd0   0x00000070   Code   RO         3000    i.I2C_WaitOnRXNEFlagUntilTimeout  stm32f4xx_hal_i2c.o
    0x08002c40   0x08002c40   0x00000056   Code   RO         3001    i.I2C_WaitOnTXEFlagUntilTimeout  stm32f4xx_hal_i2c.o
    0x08002c96   0x08002c96   0x00000002   PAD
    0x08002c98   0x08002c98   0x00000164   Code   RO         6035    i.MPU6050_DMP_Get_Date  mpu6050.o
    0x08002dfc   0x08002dfc   0x000000b8   Code   RO         6036    i.MPU6050_DMP_init  mpu6050.o
    0x08002eb4   0x08002eb4   0x00000044   Code   RO          290    i.MX_CAN1_Init      can.o
    0x08002ef8   0x08002ef8   0x00000044   Code   RO          233    i.MX_FREERTOS_Init  freertos.o
    0x08002f3c   0x08002f3c   0x0000003c   Code   RO          209    i.MX_GPIO_Init      gpio.o
    0x08002f78   0x08002f78   0x00000040   Code   RO          332    i.MX_I2C1_Init      i2c.o
    0x08002fb8   0x08002fb8   0x00000038   Code   RO          374    i.MX_UART4_Init     usart.o
    0x08002ff0   0x08002ff0   0x00000044   Code   RO          375    i.MX_USART2_UART_Init  usart.o
    0x08003034   0x08003034   0x00000002   Code   RO          426    i.MemManage_Handler  stm32f4xx_it.o
    0x08003036   0x08003036   0x00000012   Code   RO         6075    i.Motor_ClampVoltage  motor.o
    0x08003048   0x08003048   0x00000020   Code   RO         6076    i.Motor_GetFeedback  motor.o
    0x08003068   0x08003068   0x00000058   Code   RO         6078    i.Motor_Init        motor.o
    0x080030c0   0x080030c0   0x0000000a   Code   RO         6079    i.Motor_PackInt16BE  motor.o
    0x080030ca   0x080030ca   0x0000000a   Code   RO         6080    i.Motor_ReadInt16BE  motor.o
    0x080030d4   0x080030d4   0x00000020   Code   RO         6081    i.Motor_ReadOneCanMessage  motor.o
    0x080030f4   0x080030f4   0x0000007a   Code   RO         6082    i.Motor_SendGroupCommand  motor.o
    0x0800316e   0x0800316e   0x00000002   PAD
    0x08003170   0x08003170   0x0000008c   Code   RO         6083    i.Motor_UpdateFeedback  motor.o
    0x080031fc   0x080031fc   0x00000002   Code   RO          427    i.NMI_Handler       stm32f4xx_it.o
    0x080031fe   0x080031fe   0x00000002   PAD
    0x08003200   0x08003200   0x00000030   Code   RO         6243    i.RemoteControl_ArmReceiveDma  remote_control.o
    0x08003230   0x08003230   0x00000040   Code   RO         6244    i.RemoteControl_ChannelToCommand  remote_control.o
    0x08003270   0x08003270   0x00000048   Code   RO         6245    i.RemoteControl_GetMotorCommands  remote_control.o
    0x080032b8   0x080032b8   0x00000020   Code   RO         6246    i.RemoteControl_Init  remote_control.o
    0x080032d8   0x080032d8   0x0000002c   Code   RO         6247    i.RemoteControl_ReadChannel  remote_control.o
    0x08003304   0x08003304   0x00000014   Code   RO         6248    i.RemoteControl_Reset  remote_control.o
    0x08003318   0x08003318   0x00000050   Code   RO         6249    i.RemoteControl_UpdateCommandsFromFrame  remote_control.o
    0x08003368   0x08003368   0x00000008   Code   RO          234    i.StartDefaultTask  freertos.o
    0x08003370   0x08003370   0x0000003c   Code   RO         6174    i.StartTask02       tasks_1.o
    0x080033ac   0x080033ac   0x00000058   Code   RO         6175    i.StartTask03       tasks_1.o
    0x08003404   0x08003404   0x0000001a   Code   RO         4894    i.SysTick_Handler   cmsis_os2.o
    0x0800341e   0x0800341e   0x00000002   PAD
    0x08003420   0x08003420   0x00000094   Code   RO           15    i.SystemClock_Config  main.o
    0x080034b4   0x080034b4   0x00000010   Code   RO         3747    i.SystemInit        system_stm32f4xx.o
    0x080034c4   0x080034c4   0x0000000c   Code   RO          428    i.TIM1_UP_TIM10_IRQHandler  stm32f4xx_it.o
    0x080034d0   0x080034d0   0x000000d0   Code   RO          666    i.TIM_Base_SetConfig  stm32f4xx_hal_tim.o
    0x080035a0   0x080035a0   0x00000012   Code   RO         6176    i.Task_ClampMotorCommand  tasks_1.o
    0x080035b2   0x080035b2   0x0000000e   Code   RO         3426    i.UART_DMAAbortOnError  stm32f4xx_hal_uart.o
    0x080035c0   0x080035c0   0x0000004a   Code   RO         3427    i.UART_DMAError     stm32f4xx_hal_uart.o
    0x0800360a   0x0800360a   0x00000086   Code   RO         3428    i.UART_DMAReceiveCplt  stm32f4xx_hal_uart.o
    0x08003690   0x08003690   0x0000001e   Code   RO         3430    i.UART_DMARxHalfCplt  stm32f4xx_hal_uart.o
    0x080036ae   0x080036ae   0x0000004e   Code   RO         3436    i.UART_EndRxTransfer  stm32f4xx_hal_uart.o
    0x080036fc   0x080036fc   0x0000001c   Code   RO         3437    i.UART_EndTxTransfer  stm32f4xx_hal_uart.o
    0x08003718   0x08003718   0x000000c2   Code   RO         3438    i.UART_Receive_IT   stm32f4xx_hal_uart.o
    0x080037da   0x080037da   0x00000002   PAD
    0x080037dc   0x080037dc   0x0000010c   Code   RO         3439    i.UART_SetConfig    stm32f4xx_hal_uart.o
    0x080038e8   0x080038e8   0x000000a0   Code   RO         3440    i.UART_Start_Receive_DMA  stm32f4xx_hal_uart.o
    0x08003988   0x08003988   0x00000072   Code   RO         3442    i.UART_WaitOnFlagUntilTimeout  stm32f4xx_hal_uart.o
    0x080039fa   0x080039fa   0x00000002   PAD
    0x080039fc   0x080039fc   0x0000000c   Code   RO          429    i.USART2_IRQHandler  stm32f4xx_it.o
    0x08003a08   0x08003a08   0x00000002   Code   RO          430    i.UsageFault_Handler  stm32f4xx_it.o
    0x08003a0a   0x08003a0a   0x00000002   PAD
    0x08003a0c   0x08003a0c   0x00000030   Code   RO         6177    i.VOFA_AppendFloatBinary  tasks_1.o
    0x08003a3c   0x08003a3c   0x00000012   Code   RO         6178    i.VOFA_ReserveBytes  tasks_1.o
    0x08003a4e   0x08003a4e   0x00000002   PAD
    0x08003a50   0x08003a50   0x000000e8   Code   RO         6179    i.VOFA_Send_Data    tasks_1.o
    0x08003b38   0x08003b38   0x00000030   Code   RO         6445    i.__ARM_fpclassify  m_wm.l(fpclassify.o)
    0x08003b68   0x08003b68   0x00000020   Code   RO         2538    i.__NVIC_SetPriority  stm32f4xx_hal_cortex.o
    0x08003b88   0x08003b88   0x00000360   Code   RO         6353    i.__hardfp_asin     m_wm.l(asin.o)
    0x08003ee8   0x08003ee8   0x000002d8   Code   RO         6411    i.__hardfp_atan     m_wm.l(atan.o)
    0x080041c0   0x080041c0   0x00000200   Code   RO         6367    i.__hardfp_atan2    m_wm.l(atan2.o)
    0x080043c0   0x080043c0   0x000000f8   Code   RO         6447    i.__kernel_poly     m_wm.l(poly.o)
    0x080044b8   0x080044b8   0x00000014   Code   RO         6426    i.__mathlib_dbl_infnan  m_wm.l(dunder.o)
    0x080044cc   0x080044cc   0x00000014   Code   RO         6427    i.__mathlib_dbl_infnan2  m_wm.l(dunder.o)
    0x080044e0   0x080044e0   0x00000020   Code   RO         6428    i.__mathlib_dbl_invalid  m_wm.l(dunder.o)
    0x08004500   0x08004500   0x00000020   Code   RO         6431    i.__mathlib_dbl_underflow  m_wm.l(dunder.o)
    0x08004520   0x08004520   0x00000090   Code   RO         5542    i.accel_self_test   inv_mpu.o
    0x080045b0   0x080045b0   0x00000010   Code   RO         6413    i.atan              m_wm.l(atan.o)
    0x080045c0   0x080045c0   0x0000003a   Code   RO         5850    i.dmp_enable_6x_lp_quat  inv_mpu_dmp_motion_driver.o
    0x080045fa   0x080045fa   0x00000002   PAD
    0x080045fc   0x080045fc   0x000001d8   Code   RO         5851    i.dmp_enable_feature  inv_mpu_dmp_motion_driver.o
    0x080047d4   0x080047d4   0x0000003c   Code   RO         5852    i.dmp_enable_gyro_cal  inv_mpu_dmp_motion_driver.o
    0x08004810   0x08004810   0x0000003a   Code   RO         5853    i.dmp_enable_lp_quat  inv_mpu_dmp_motion_driver.o
    0x0800484a   0x0800484a   0x00000002   PAD
    0x0800484c   0x0800484c   0x00000014   Code   RO         5858    i.dmp_load_motion_driver_firmware  inv_mpu_dmp_motion_driver.o
    0x08004860   0x08004860   0x0000016c   Code   RO         5859    i.dmp_read_fifo     inv_mpu_dmp_motion_driver.o
    0x080049cc   0x080049cc   0x000000d8   Code   RO         5862    i.dmp_set_accel_bias  inv_mpu_dmp_motion_driver.o
    0x08004aa4   0x08004aa4   0x00000064   Code   RO         5863    i.dmp_set_fifo_rate  inv_mpu_dmp_motion_driver.o
    0x08004b08   0x08004b08   0x000000cc   Code   RO         5864    i.dmp_set_gyro_bias  inv_mpu_dmp_motion_driver.o
    0x08004bd4   0x08004bd4   0x0000010c   Code   RO         5866    i.dmp_set_orientation  inv_mpu_dmp_motion_driver.o
    0x08004ce0   0x08004ce0   0x00000030   Code   RO         5869    i.dmp_set_shake_reject_thresh  inv_mpu_dmp_motion_driver.o
    0x08004d10   0x08004d10   0x00000020   Code   RO         5870    i.dmp_set_shake_reject_time  inv_mpu_dmp_motion_driver.o
    0x08004d30   0x08004d30   0x00000020   Code   RO         5871    i.dmp_set_shake_reject_timeout  inv_mpu_dmp_motion_driver.o
    0x08004d50   0x08004d50   0x00000040   Code   RO         5872    i.dmp_set_tap_axes  inv_mpu_dmp_motion_driver.o
    0x08004d90   0x08004d90   0x00000022   Code   RO         5873    i.dmp_set_tap_count  inv_mpu_dmp_motion_driver.o
    0x08004db2   0x08004db2   0x00000002   PAD
    0x08004db4   0x08004db4   0x00000160   Code   RO         5874    i.dmp_set_tap_thresh  inv_mpu_dmp_motion_driver.o
    0x08004f14   0x08004f14   0x00000020   Code   RO         5875    i.dmp_set_tap_time  inv_mpu_dmp_motion_driver.o
    0x08004f34   0x08004f34   0x00000020   Code   RO         5876    i.dmp_set_tap_time_multi  inv_mpu_dmp_motion_driver.o
    0x08004f54   0x08004f54   0x00000018   Code   RO         6441    i.fabs              m_wm.l(fabs.o)
    0x08004f6c   0x08004f6c   0x000000c8   Code   RO         5543    i.get_accel_prod_shift  inv_mpu.o
    0x08005034   0x08005034   0x0000043e   Code   RO         5544    i.get_st_biases     inv_mpu.o
    0x08005472   0x08005472   0x00000002   PAD
    0x08005474   0x08005474   0x000000ec   Code   RO         5545    i.gyro_self_test    inv_mpu.o
    0x08005560   0x08005560   0x00000048   Code   RO         6037    i.inv_row_2_scale   mpu6050.o
    0x080055a8   0x080055a8   0x0000002a   Code   RO           16    i.main              main.o
    0x080055d2   0x080055d2   0x00000002   PAD
    0x080055d4   0x080055d4   0x00000054   Code   RO         5546    i.mpu_configure_fifo  inv_mpu.o
    0x08005628   0x08005628   0x0000003c   Code   RO         5547    i.mpu_get_accel_fsr  inv_mpu.o
    0x08005664   0x08005664   0x00000044   Code   RO         5549    i.mpu_get_accel_sens  inv_mpu.o
    0x080056a8   0x080056a8   0x00000034   Code   RO         5555    i.mpu_get_gyro_fsr  inv_mpu.o
    0x080056dc   0x080056dc   0x0000004c   Code   RO         5557    i.mpu_get_gyro_sens  inv_mpu.o
    0x08005728   0x08005728   0x00000038   Code   RO         5559    i.mpu_get_lpf       inv_mpu.o
    0x08005760   0x08005760   0x0000001c   Code   RO         5561    i.mpu_get_sample_rate  inv_mpu.o
    0x0800577c   0x0800577c   0x00000158   Code   RO         5563    i.mpu_init          inv_mpu.o
    0x080058d4   0x080058d4   0x000000bc   Code   RO         5564    i.mpu_load_firmware  inv_mpu.o
    0x08005990   0x08005990   0x000000e4   Code   RO         5565    i.mpu_lp_accel_mode  inv_mpu.o
    0x08005a74   0x08005a74   0x000000c4   Code   RO         5568    i.mpu_read_fifo_stream  inv_mpu.o
    0x08005b38   0x08005b38   0x00000074   Code   RO         5569    i.mpu_read_mem      inv_mpu.o
    0x08005bac   0x08005bac   0x000001d0   Code   RO         5572    i.mpu_reset_fifo    inv_mpu.o
    0x08005d7c   0x08005d7c   0x000000f0   Code   RO         5573    i.mpu_run_self_test  inv_mpu.o
    0x08005e6c   0x08005e6c   0x0000007c   Code   RO         5575    i.mpu_set_accel_fsr  inv_mpu.o
    0x08005ee8   0x08005ee8   0x00000148   Code   RO         5576    i.mpu_set_bypass    inv_mpu.o
    0x08006030   0x08006030   0x00000094   Code   RO         5578    i.mpu_set_dmp_state  inv_mpu.o
    0x080060c4   0x080060c4   0x00000084   Code   RO         5579    i.mpu_set_gyro_fsr  inv_mpu.o
    0x08006148   0x08006148   0x00000078   Code   RO         5580    i.mpu_set_int_latched  inv_mpu.o
    0x080061c0   0x080061c0   0x0000007c   Code   RO         5582    i.mpu_set_lpf       inv_mpu.o
    0x0800623c   0x0800623c   0x00000098   Code   RO         5583    i.mpu_set_sample_rate  inv_mpu.o
    0x080062d4   0x080062d4   0x000000e0   Code   RO         5584    i.mpu_set_sensors   inv_mpu.o
    0x080063b4   0x080063b4   0x00000074   Code   RO         5585    i.mpu_write_mem     inv_mpu.o
    0x08006428   0x08006428   0x0000001a   Code   RO         4896    i.osDelay           cmsis_os2.o
    0x08006442   0x08006442   0x00000002   PAD
    0x08006444   0x08006444   0x00000024   Code   RO         4910    i.osKernelInitialize  cmsis_os2.o
    0x08006468   0x08006468   0x00000038   Code   RO         4913    i.osKernelStart     cmsis_os2.o
    0x080064a0   0x080064a0   0x0000008a   Code   RO         4955    i.osThreadNew       cmsis_os2.o
    0x0800652a   0x0800652a   0x00000002   PAD
    0x0800652c   0x0800652c   0x0000005c   Code   RO         4355    i.prvAddCurrentTaskToDelayedList  tasks.o
    0x08006588   0x08006588   0x000000d0   Code   RO         4356    i.prvAddNewTaskToReadyList  tasks.o
    0x08006658   0x08006658   0x00000058   Code   RO         4720    i.prvCheckForValidListAndQueue  timers.o
    0x080066b0   0x080066b0   0x00000026   Code   RO         3952    i.prvCopyDataFromQueue  queue.o
    0x080066d6   0x080066d6   0x0000006c   Code   RO         3953    i.prvCopyDataToQueue  queue.o
    0x08006742   0x08006742   0x00000034   Code   RO         4357    i.prvDeleteTCB      tasks.o
    0x08006776   0x08006776   0x00000002   PAD
    0x08006778   0x08006778   0x0000004c   Code   RO         5407    i.prvHeapInit       heap_4.o
    0x080067c4   0x080067c4   0x00000060   Code   RO         4358    i.prvIdleTask       tasks.o
    0x08006824   0x08006824   0x00000022   Code   RO         3955    i.prvInitialiseNewQueue  queue.o
    0x08006846   0x08006846   0x00000002   PAD
    0x08006848   0x08006848   0x000000b0   Code   RO         4359    i.prvInitialiseNewTask  tasks.o
    0x080068f8   0x080068f8   0x0000004c   Code   RO         5408    i.prvInsertBlockIntoFreeList  heap_4.o
    0x08006944   0x08006944   0x00000038   Code   RO         4722    i.prvInsertTimerInActiveList  timers.o
    0x0800697c   0x0800697c   0x0000001c   Code   RO         3956    i.prvIsQueueEmpty   queue.o
    0x08006998   0x08006998   0x000000fc   Code   RO         4723    i.prvProcessReceivedCommands  timers.o
    0x08006a94   0x08006a94   0x000000c0   Code   RO         4724    i.prvProcessTimerOrBlockTask  timers.o
    0x08006b54   0x08006b54   0x00000020   Code   RO         4361    i.prvResetNextTaskUnblockTime  tasks.o
    0x08006b74   0x08006b74   0x00000028   Code   RO         4725    i.prvSampleTimeNow  timers.o
    0x08006b9c   0x08006b9c   0x0000006c   Code   RO         4726    i.prvSwitchTimerLists  timers.o
    0x08006c08   0x08006c08   0x00000028   Code   RO         5463    i.prvTaskExitError  port.o
    0x08006c30   0x08006c30   0x00000024   Code   RO         4727    i.prvTimerTask      timers.o
    0x08006c54   0x08006c54   0x0000006a   Code   RO         3957    i.prvUnlockQueue    queue.o
    0x08006cbe   0x08006cbe   0x00000002   PAD
    0x08006cc0   0x08006cc0   0x000000dc   Code   RO         5409    i.pvPortMalloc      heap_4.o
    0x08006d9c   0x08006d9c   0x0000002c   Code   RO         5464    i.pxPortInitialiseStack  port.o
    0x08006dc8   0x08006dc8   0x0000008a   Code   RO         6038    i.run_self_test     mpu6050.o
    0x08006e52   0x08006e52   0x00000002   PAD
    0x08006e54   0x08006e54   0x0000006c   Code   RO         5586    i.set_int_enable    inv_mpu.o
    0x08006ec0   0x08006ec0   0x0000006e   Code   RO         6452    i.sqrt              m_wm.l(sqrt.o)
    0x08006f2e   0x08006f2e   0x00000026   Code   RO         3912    i.uxListRemove      list.o
    0x08006f54   0x08006f54   0x00000014   Code   RO         4967    i.vApplicationGetIdleTaskMemory  cmsis_os2.o
    0x08006f68   0x08006f68   0x00000018   Code   RO         4968    i.vApplicationGetTimerTaskMemory  cmsis_os2.o
    0x08006f80   0x08006f80   0x00000016   Code   RO         3913    i.vListInitialise   list.o
    0x08006f96   0x08006f96   0x00000006   Code   RO         3914    i.vListInitialiseItem  list.o
    0x08006f9c   0x08006f9c   0x00000030   Code   RO         3915    i.vListInsert       list.o
    0x08006fcc   0x08006fcc   0x00000018   Code   RO         3916    i.vListInsertEnd    list.o
    0x08006fe4   0x08006fe4   0x00000040   Code   RO         5466    i.vPortEnterCritical  port.o
    0x08007024   0x08007024   0x00000028   Code   RO         5467    i.vPortExitCritical  port.o
    0x0800704c   0x0800704c   0x00000064   Code   RO         5410    i.vPortFree         heap_4.o
    0x080070b0   0x080070b0   0x00000024   Code   RO         5468    i.vPortSetupTimerInterrupt  port.o
    0x080070d4   0x080070d4   0x00000054   Code   RO         5469    i.vPortValidateInterruptPriority  port.o
    0x08007128   0x08007128   0x00000028   Code   RO         3963    i.vQueueAddToRegistry  queue.o
    0x08007150   0x08007150   0x00000044   Code   RO         3967    i.vQueueWaitForMessageRestricted  queue.o
    0x08007194   0x08007194   0x0000004c   Code   RO         4374    i.vTaskDelay        tasks.o
    0x080071e0   0x080071e0   0x0000008c   Code   RO         4375    i.vTaskDelayUntil   tasks.o
    0x0800726c   0x0800726c   0x00000010   Code   RO         4379    i.vTaskInternalSetTimeOutState  tasks.o
    0x0800727c   0x0800727c   0x0000000c   Code   RO         4380    i.vTaskMissedYield  tasks.o
    0x08007288   0x08007288   0x00000030   Code   RO         4382    i.vTaskPlaceOnEventList  tasks.o
    0x080072b8   0x080072b8   0x00000038   Code   RO         4383    i.vTaskPlaceOnEventListRestricted  tasks.o
    0x080072f0   0x080072f0   0x00000088   Code   RO         4391    i.vTaskStartScheduler  tasks.o
    0x08007378   0x08007378   0x00000010   Code   RO         4393    i.vTaskSuspendAll   tasks.o
    0x08007388   0x08007388   0x00000064   Code   RO         4394    i.vTaskSwitchContext  tasks.o
    0x080073ec   0x080073ec   0x000000f4   Code   RO         5470    i.xPortStartScheduler  port.o
    0x080074e0   0x080074e0   0x0000002c   Code   RO         5471    i.xPortSysTickHandler  port.o
    0x0800750c   0x0800750c   0x00000066   Code   RO         3973    i.xQueueGenericCreateStatic  queue.o
    0x08007572   0x08007572   0x00000002   PAD
    0x08007574   0x08007574   0x00000088   Code   RO         3974    i.xQueueGenericReset  queue.o
    0x080075fc   0x080075fc   0x00000160   Code   RO         3975    i.xQueueGenericSend  queue.o
    0x0800775c   0x0800775c   0x000000be   Code   RO         3976    i.xQueueGenericSendFromISR  queue.o
    0x0800781a   0x0800781a   0x00000002   PAD
    0x0800781c   0x0800781c   0x00000138   Code   RO         3985    i.xQueueReceive     queue.o
    0x08007954   0x08007954   0x00000074   Code   RO         4396    i.xTaskCheckForTimeOut  tasks.o
    0x080079c8   0x080079c8   0x0000005a   Code   RO         4397    i.xTaskCreate       tasks.o
    0x08007a22   0x08007a22   0x00000056   Code   RO         4398    i.xTaskCreateStatic  tasks.o
    0x08007a78   0x08007a78   0x0000001c   Code   RO         4402    i.xTaskGetSchedulerState  tasks.o
    0x08007a94   0x08007a94   0x0000000c   Code   RO         4403    i.xTaskGetTickCount  tasks.o
    0x08007aa0   0x08007aa0   0x00000010   Code   RO         4404    i.xTaskGetTickCountFromISR  tasks.o
    0x08007ab0   0x08007ab0   0x000000c8   Code   RO         4405    i.xTaskIncrementTick  tasks.o
    0x08007b78   0x08007b78   0x00000080   Code   RO         4408    i.xTaskPriorityDisinherit  tasks.o
    0x08007bf8   0x08007bf8   0x00000070   Code   RO         4410    i.xTaskRemoveFromEventList  tasks.o
    0x08007c68   0x08007c68   0x000000c4   Code   RO         4411    i.xTaskResumeAll    tasks.o
    0x08007d2c   0x08007d2c   0x00000060   Code   RO         4736    i.xTimerCreateTimerTask  timers.o
    0x08007d8c   0x08007d8c   0x00000068   Code   RO         4737    i.xTimerGenericCommand  timers.o
    0x08007df4   0x08007df4   0x00000018   Code   RO         6388    x$fpl$basic         fz_wm.l(basic.o)
    0x08007e0c   0x08007e0c   0x00000062   Code   RO         6341    x$fpl$d2f           fz_wm.l(d2f.o)
    0x08007e6e   0x08007e6e   0x00000002   PAD
    0x08007e70   0x08007e70   0x00000150   Code   RO         6390    x$fpl$dadd          fz_wm.l(daddsub_clz.o)
    0x08007fc0   0x08007fc0   0x00000018   Code   RO         6484    x$fpl$dcmpinf       fz_wm.l(dcmpi.o)
    0x08007fd8   0x08007fd8   0x000002b0   Code   RO         6397    x$fpl$ddiv          fz_wm.l(ddiv.o)
    0x08008288   0x08008288   0x00000078   Code   RO         6400    x$fpl$deqf          fz_wm.l(deqf.o)
    0x08008300   0x08008300   0x00000154   Code   RO         6343    x$fpl$dmul          fz_wm.l(dmul.o)
    0x08008454   0x08008454   0x0000009c   Code   RO         6402    x$fpl$dnaninf       fz_wm.l(dnaninf.o)
    0x080084f0   0x080084f0   0x0000000c   Code   RO         6404    x$fpl$dretinf       fz_wm.l(dretinf.o)
    0x080084fc   0x080084fc   0x00000016   Code   RO         6391    x$fpl$drsb          fz_wm.l(daddsub_clz.o)
    0x08008512   0x08008512   0x00000002   PAD
    0x08008514   0x08008514   0x00000198   Code   RO         6488    x$fpl$dsqrt         fz_wm.l(dsqrt_umaal.o)
    0x080086ac   0x080086ac   0x000001d4   Code   RO         6392    x$fpl$dsub          fz_wm.l(daddsub_clz.o)
    0x08008880   0x08008880   0x00000056   Code   RO         6345    x$fpl$f2d           fz_wm.l(f2d.o)
    0x080088d6   0x080088d6   0x0000008c   Code   RO         6406    x$fpl$fnaninf       fz_wm.l(fnaninf.o)
    0x08008962   0x08008962   0x0000000a   Code   RO         6575    x$fpl$fpinit        fz_wm.l(fpinit.o)
    0x0800896c   0x0800896c   0x0000000a   Code   RO         6408    x$fpl$fretinf       fz_wm.l(fretinf.o)
    0x08008976   0x08008976   0x00000000   Code   RO         6410    x$fpl$usenofp       fz_wm.l(usenofp.o)
    0x08008976   0x08008976   0x00000002   PAD
    0x08008978   0x08008978   0x0000006c   Data   RO          237    .constdata          freertos.o
    0x080089e4   0x080089e4   0x00000008   Data   RO         2252    .constdata          stm32f4xx_hal_dma.o
    0x080089ec   0x080089ec   0x00000010   Data   RO         3748    .constdata          system_stm32f4xx.o
    0x080089fc   0x080089fc   0x00000008   Data   RO         3749    .constdata          system_stm32f4xx.o
    0x08008a04   0x08008a04   0x0000001e   Data   RO         5587    .constdata          inv_mpu.o
    0x08008a22   0x08008a22   0x0000000c   Data   RO         5588    .constdata          inv_mpu.o
    0x08008a2e   0x08008a2e   0x00000002   PAD
    0x08008a30   0x08008a30   0x00000028   Data   RO         5589    .constdata          inv_mpu.o
    0x08008a58   0x08008a58   0x00000bf6   Data   RO         5878    .constdata          inv_mpu_dmp_motion_driver.o
    0x0800964e   0x0800964e   0x00000002   PAD
    0x08009650   0x08009650   0x00000050   Data   RO         6356    .constdata          m_wm.l(asin.o)
    0x080096a0   0x080096a0   0x00000098   Data   RO         6414    .constdata          m_wm.l(atan.o)
    0x08009738   0x08009738   0x00000008   Data   RO         6449    .constdata          m_wm.l(qnan.o)
    0x08009740   0x08009740   0x00000027   Data   RO          238    .conststring        freertos.o
    0x08009767   0x08009767   0x00000001   PAD
    0x08009768   0x08009768   0x00000020   Data   RO         6633    Region$$Table       anon$$obj.o


    Execution Region RW_IRAM1 (Exec base: 0x20000000, Load base: 0x08009788, Size: 0x00005710, Max: 0x0001c000, ABSOLUTE)

    Exec Addr    Load Addr    Size         Type   Attr      Idx    E Section Name        Object

    0x20000000   0x08009788   0x0000000c   Data   RW          239    .data               freertos.o
    0x2000000c   0x08009794   0x0000000c   Data   RW         2697    .data               stm32f4xx_hal.o
    0x20000018   0x080097a0   0x00000004   Data   RW         3750    .data               system_stm32f4xx.o
    0x2000001c   0x080097a4   0x0000003c   Data   RW         4414    .data               tasks.o
    0x20000058   0x080097e0   0x00000014   Data   RW         4745    .data               timers.o
    0x2000006c   0x080097f4   0x00000004   Data   RW         4970    .data               cmsis_os2.o
    0x20000070   0x080097f8   0x00000020   Data   RW         5416    .data               heap_4.o
    0x20000090   0x08009818   0x0000000c   Data   RW         5472    .data               port.o
    0x2000009c   0x08009824   0x0000002c   Data   RW         5590    .data               inv_mpu.o
    0x200000c8   0x08009850   0x00000009   Data   RW         6039    .data               mpu6050.o
    0x200000d1   0x08009859   0x00000003   PAD
    0x200000d4   0x0800985c   0x00000010   Data   RW         6181    .data               tasks_1.o
    0x200000e4   0x0800986c   0x0000000c   Data   RW         6251    .data               remote_control.o
    0x200000f0        -       0x00000028   Zero   RW          291    .bss                can.o
    0x20000118        -       0x00000054   Zero   RW          333    .bss                i2c.o
    0x2000016c        -       0x00000150   Zero   RW          376    .bss                usart.o
    0x200002bc        -       0x00000048   Zero   RW          535    .bss                stm32f4xx_hal_timebase_tim.o
    0x20000304        -       0x00000040   Zero   RW         3989    .bss                queue.o
    0x20000344        -       0x000004c4   Zero   RW         4413    .bss                tasks.o
    0x20000808        -       0x00000118   Zero   RW         4744    .bss                timers.o
    0x20000920        -       0x000006b8   Zero   RW         4969    .bss                cmsis_os2.o
    0x20000fd8        -       0x00003c00   Zero   RW         5415    .bss                heap_4.o
    0x20004bd8        -       0x00000010   Zero   RW         5877    .bss                inv_mpu_dmp_motion_driver.o
    0x20004be8        -       0x000002a8   Zero   RW         6084    .bss                motor.o
    0x20004e90        -       0x00000200   Zero   RW         6180    .bss                tasks_1.o
    0x20005090        -       0x00000019   Zero   RW         6250    .bss                remote_control.o
    0x200050a9   0x08009878   0x00000003   PAD
    0x200050ac        -       0x00000060   Zero   RW         6491    .bss                c_w.l(libspace.o)
    0x2000510c   0x08009878   0x00000004   PAD
    0x20005110        -       0x00000200   Zero   RW            2    HEAP                startup_stm32f405xx.o
    0x20005310        -       0x00000400   Zero   RW            1    STACK               startup_stm32f405xx.o


    Execution Region RW_IRAM2 (Exec base: 0x2001c000, Load base: 0x08009878, Size: 0x00000000, Max: 0x00004000, ABSOLUTE)

    **** No section assigned to this execution region ****


==============================================================================

Image component sizes


      Code (inc. data)   RO Data    RW Data    ZI Data      Debug   Object Name

       192         22          0          0         40       1705   can.o
       326         22          0          4       1720      65187   cmsis_os2.o
         0          0          0          0          0      19464   event_groups.o
        76         22        147         12          0       1957   freertos.o
        60          6          0          0          0        839   gpio.o
       472         24          0         32      15360       4883   heap_4.o
       168         26          0          0         84       1689   i2c.o
      5442        288         82         44          0      29737   inv_mpu.o
      2446        134       3062          0         16      20718   inv_mpu_dmp_motion_driver.o
       138          0          0          0          0       3558   list.o
       214         14          0          0          0     674424   main.o
       496         28          0          0        680       7543   motor.o
       750         20          0          9          0       4426   mpu6050.o
       786         82          0         12          0      11537   port.o
      1514         20          0          0         64      17464   queue.o
       396         40          0         12         25       6393   remote_control.o
        64         26        392          0       1536        848   startup_stm32f405xx.o
       116         18          0         12          0       8738   stm32f4xx_hal.o
      1658          6          0          0          0      14371   stm32f4xx_hal_can.o
       158         14          0          0          0      33038   stm32f4xx_hal_cortex.o
      1084         16          8          0          0       7374   stm32f4xx_hal_dma.o
       496         46          0          0          0       1540   stm32f4xx_hal_gpio.o
      2294         52          0          0          0      13238   stm32f4xx_hal_i2c.o
        56          4          0          0          0        874   stm32f4xx_hal_msp.o
      1412         86          0          0          0       5937   stm32f4xx_hal_rcc.o
       740         72          0          0          0       7532   stm32f4xx_hal_tim.o
         4          0          0          0          0       1641   stm32f4xx_hal_tim_ex.o
       140         20          0          0         72       1439   stm32f4xx_hal_timebase_tim.o
      2074         28          0          0          0      14455   stm32f4xx_hal_uart.o
        72         30          0          0          0       5194   stm32f4xx_it.o
         0          0          0          0          0        392   stream_buffer.o
        16          4         24          4          0       1139   system_stm32f4xx.o
      2240        180          0         60       1220      28765   tasks.o
       488         36          0         16        512       5371   tasks_1.o
       972         80          0         20        280      32179   timers.o
       468         52          0          0        336       2686   usart.o

    ----------------------------------------------------------------------
     28088       1518       3752        240      21948    1058275   Object Totals
         0          0         32          0          0          0   (incl. Generated)
        60          0          5          3          3          0   (incl. Padding)

    ----------------------------------------------------------------------

      Code (inc. data)   RO Data    RW Data    ZI Data      Debug   Library Member Name

         8          0          0          0          0         68   __main.o
         0          0          0          0          0          0   __rtentry.o
        12          0          0          0          0          0   __rtentry2.o
         6          0          0          0          0          0   __rtentry4.o
        52          8          0          0          0          0   __scatter.o
        26          0          0          0          0          0   __scatter_copy.o
        28          0          0          0          0          0   __scatter_zi.o
        22          0          0          0          0        100   _rserrno.o
        16          0          0          0          0         68   aeabi_memset.o
        18          0          0          0          0         80   exit.o
         6          0          0          0          0        152   heapauxi.o
         0          0          0          0          0          0   indicate_semi.o
         2          0          0          0          0          0   libinit.o
         6          0          0          0          0          0   libinit2.o
         2          0          0          0          0          0   libshutdown.o
         2          0          0          0          0          0   libshutdown2.o
         8          4          0          0         96         68   libspace.o
        72          0          0          0          0         76   llsdiv.o
       238          0          0          0          0        100   lludivv7m.o
        88          0          0          0          0         76   memcmp.o
         8          4          0          0          0         68   rt_errno_addr_intlibspace.o
        68          0          0          0          0         68   rt_memclr.o
        78          0          0          0          0         80   rt_memclr_w.o
       138          0          0          0          0         68   rt_memcpy_v6.o
       100          0          0          0          0         80   rt_memcpy_w.o
         2          0          0          0          0          0   rtexit.o
        10          0          0          0          0          0   rtexit2.o
        12          4          0          0          0         68   sys_exit.o
        74          0          0          0          0         80   sys_stackheap_outer.o
         2          0          0          0          0         68   use_no_semi.o
        24          0          0          0          0        164   basic.o
        98          4          0          0          0        140   d2f.o
       826         16          0          0          0        492   daddsub_clz.o
        24          0          0          0          0        116   dcmpi.o
       688        140          0          0          0        256   ddiv.o
       120          4          0          0          0        140   deqf.o
       340         12          0          0          0        152   dmul.o
       156          4          0          0          0        140   dnaninf.o
        12          0          0          0          0        116   dretinf.o
       408         56          0          0          0        168   dsqrt_umaal.o
        86          4          0          0          0        132   f2d.o
       140          4          0          0          0        132   fnaninf.o
        10          0          0          0          0        116   fpinit.o
        10          0          0          0          0        116   fretinf.o
         0          0          0          0          0          0   usenofp.o
       864         94         80          0          0        280   asin.o
       744        106        152          0          0        352   atan.o
       512         64          0          0          0        208   atan2.o
       104         16          0          0          0        496   dunder.o
        24          0          0          0          0        124   fabs.o
        48          0          0          0          0        124   fpclassify.o
       248          0          0          0          0        152   poly.o
         0          0          8          0          0          0   qnan.o
       110          0          0          0          0        148   sqrt.o

    ----------------------------------------------------------------------
      6712        544        240          0        100       5632   Library Totals
        12          0          0          0          4          0   (incl. Padding)

    ----------------------------------------------------------------------

      Code (inc. data)   RO Data    RW Data    ZI Data      Debug   Library Name

      1104         20          0          0         96       1368   c_w.l
      2942        244          0          0          0       2380   fz_wm.l
      2654        280        240          0          0       1884   m_wm.l

    ----------------------------------------------------------------------
      6712        544        240          0        100       5632   Library Totals

    ----------------------------------------------------------------------

==============================================================================


      Code (inc. data)   RO Data    RW Data    ZI Data      Debug   

     34800       2062       3992        240      22048    1035931   Grand Totals
     34800       2062       3992        240      22048    1035931   ELF Image Totals
     34800       2062       3992        240          0          0   ROM Totals

==============================================================================

    Total RO  Size (Code + RO Data)                38792 (  37.88kB)
    Total RW  Size (RW Data + ZI Data)             22288 (  21.77kB)
    Total ROM Size (Code + RO Data + RW Data)      39032 (  38.12kB)

==============================================================================

